ARM Linker, 4.1 [Build 481] [Standard]

==============================================================================

Section Cross References

    main.o(i.StartTask) refers to os_cpu_c.o(i.OS_CPU_SysTickInit) for OS_CPU_SysTickInit
    main.o(i.StartTask) refers to os_core.o(i.OSStatInit) for OSStatInit
    main.o(i.StartTask) refers to os_mutex.o(i.OSMutexCreate) for OSMutexCreate
    main.o(i.StartTask) refers to os_mbox.o(i.OSMboxCreate) for OSMboxCreate
    main.o(i.StartTask) refers to nvic.o(i.NVIC_Configuration) for NVIC_Configuration
    main.o(i.StartTask) refers to os_task.o(i.OSTaskCreate) for OSTaskCreate
    main.o(i.StartTask) refers to leds.o(i.UILEDBlink) for UILEDBlink
    main.o(i.StartTask) refers to malloc.o(i.mem_perused) for mem_perused
    main.o(i.StartTask) refers to os_time.o(i.OSTimeDlyHMSM) for OSTimeDlyHMSM
    main.o(i.StartTask) refers to main.o(.data) for ZigbeeMutex
    main.o(i.StartTask) refers to main.o(.bss) for ZigbeeRxTaskStk
    main.o(i.StartTask) refers to zigbee.o(i.ZigbeeRxTask) for ZigbeeRxTask
    main.o(i.StartTask) refers to com.o(i.ComRxTask) for ComRxTask
    main.o(i.StartTask) refers to bsp.o(i.PowerTask) for PowerTask
    main.o(i.main) refers to rcc.o(i.SystemDemo_Init) for SystemDemo_Init
    main.o(i.main) refers to os_core.o(i.OSInit) for OSInit
    main.o(i.main) refers to os_task.o(i.OSTaskCreate) for OSTaskCreate
    main.o(i.main) refers to os_core.o(i.OSStart) for OSStart
    main.o(i.main) refers to main.o(.bss) for StartTaskStk
    main.o(i.main) refers to main.o(i.StartTask) for StartTask
    nvic.o(i.NVIC_Configuration) refers to misc.o(i.NVIC_PriorityGroupConfig) for NVIC_PriorityGroupConfig
    nvic.o(i.NVIC_Configuration) refers to misc.o(i.NVIC_Init) for NVIC_Init
    publicfuc.o(i.Get_ID) refers to publicfuc.o(.bss) for cpu_id
    publicfuc.o(i.StringAddChar) refers to strlen.o(.text) for strlen
    publicfuc.o(i.StringShiftRightOne) refers to strlen.o(.text) for strlen
    publicfuc.o(i.TIM2_Delay_Config) refers to stm32f10x_rcc.o(i.RCC_APB1PeriphClockCmd) for RCC_APB1PeriphClockCmd
    publicfuc.o(i.TIM2_Delay_Config) refers to stm32f10x_tim.o(i.TIM_TimeBaseInit) for TIM_TimeBaseInit
    publicfuc.o(i.TIM2_Delay_Config) refers to stm32f10x_tim.o(i.TIM_ClearITPendingBit) for TIM_ClearITPendingBit
    publicfuc.o(i.TIM2_Delay_Config) refers to stm32f10x_tim.o(i.TIM_ITConfig) for TIM_ITConfig
    publicfuc.o(i.TIM2_Delay_Config) refers to stm32f10x_tim.o(i.TIM_Cmd) for TIM_Cmd
    publicfuc.o(i.fputc) refers to stm32f10x_usart.o(i.USART_SendData) for USART_SendData
    publicfuc.o(i.fputc) refers to stm32f10x_usart.o(i.USART_GetFlagStatus) for USART_GetFlagStatus
    rcc.o(i.RCC_Configuration) refers to system_stm32f10x.o(i.SystemInit) for SystemInit
    rcc.o(i.RCC_Configuration) refers to stm32f10x_rcc.o(i.RCC_GetClocksFreq) for RCC_GetClocksFreq
    rcc.o(i.SystemDemo_Init) refers to rcc.o(i.RCC_Configuration) for RCC_Configuration
    rcc.o(i.SystemDemo_Init) refers to leds.o(i.Leds_Init) for Leds_Init
    rcc.o(i.SystemDemo_Init) refers to bsp.o(i.BspInit) for BspInit
    rcc.o(i.SystemDemo_Init) refers to zigbee.o(i.zigbee_init) for zigbee_init
    rcc.o(i.SystemDemo_Init) refers to com.o(i.com_init) for com_init
    rcc.o(i.SystemDemo_Init) refers to malloc.o(i.mem_init) for mem_init
    rcc.o(i.SystemDemo_Init) refers to protocol.o(i.protocol_init) for protocol_init
    rcc.o(i.SystemDemo_Init) refers to zjy_pro.o(i.zjy_pro_register) for zjy_pro_register
    rcc.o(i.SystemDemo_Init) refers to syf_pro.o(i.syf_pro_register) for syf_pro_register
    rcc.o(i.SystemDemo_Init) refers to can.o(i.CAN_Mode_Init) for CAN_Mode_Init
    stm32f10x_it.o(i.ADC_IRQHandler) refers to os_cpu_a.o(.text) for OS_CPU_SR_Save
    stm32f10x_it.o(i.ADC_IRQHandler) refers to os_core.o(i.OSIntExit) for OSIntExit
    stm32f10x_it.o(i.ADC_IRQHandler) refers to os_core.o(.data) for OSIntNesting
    stm32f10x_it.o(i.CAN_RX1_IRQHandler) refers to os_cpu_a.o(.text) for OS_CPU_SR_Save
    stm32f10x_it.o(i.CAN_RX1_IRQHandler) refers to os_core.o(i.OSIntExit) for OSIntExit
    stm32f10x_it.o(i.CAN_RX1_IRQHandler) refers to os_core.o(.data) for OSIntNesting
    stm32f10x_it.o(i.CAN_SCE_IRQHandler) refers to os_cpu_a.o(.text) for OS_CPU_SR_Save
    stm32f10x_it.o(i.CAN_SCE_IRQHandler) refers to os_core.o(i.OSIntExit) for OSIntExit
    stm32f10x_it.o(i.CAN_SCE_IRQHandler) refers to os_core.o(.data) for OSIntNesting
    stm32f10x_it.o(i.DMAChannel1_IRQHandler) refers to os_cpu_a.o(.text) for OS_CPU_SR_Save
    stm32f10x_it.o(i.DMAChannel1_IRQHandler) refers to os_core.o(i.OSIntExit) for OSIntExit
    stm32f10x_it.o(i.DMAChannel1_IRQHandler) refers to os_core.o(.data) for OSIntNesting
    stm32f10x_it.o(i.DMAChannel2_IRQHandler) refers to os_cpu_a.o(.text) for OS_CPU_SR_Save
    stm32f10x_it.o(i.DMAChannel2_IRQHandler) refers to os_core.o(i.OSIntExit) for OSIntExit
    stm32f10x_it.o(i.DMAChannel2_IRQHandler) refers to os_core.o(.data) for OSIntNesting
[...]
    Removing stm32f10x_can.o(i.CAN_GetFlagStatus), (18 bytes).
    Removing stm32f10x_can.o(i.CAN_GetITStatus), (238 bytes).
    Removing stm32f10x_can.o(i.CAN_MessagePending), (30 bytes).
    Removing stm32f10x_can.o(i.CAN_Sleep), (30 bytes).
    Removing stm32f10x_can.o(i.CAN_StructInit), (32 bytes).
    Removing stm32f10x_can.o(i.CAN_Transmit), (294 bytes).
    Removing stm32f10x_can.o(i.CAN_TransmitStatus), (140 bytes).
    Removing stm32f10x_can.o(i.CAN_WakeUp), (48 bytes).
    Removing stm32f10x_can.o(i.CheckITStatus), (16 bytes).
    Removing os_core.o(i.OSEventNameGet), (104 bytes).
    Removing os_core.o(i.OSEventNameSet), (124 bytes).
    Removing os_core.o(i.OSEventPendMulti), (600 bytes).
    Removing os_core.o(i.OSIntEnter), (36 bytes).
    Removing os_core.o(i.OSSchedLock), (64 bytes).
    Removing os_core.o(i.OSSchedUnlock), (96 bytes).
    Removing os_core.o(i.OSVersion), (6 bytes).
    Removing os_core.o(i.OS_Dummy), (2 bytes).
    Removing os_core.o(i.OS_EventTaskWaitMulti), (148 bytes).
    Removing os_core.o(i.OS_MemCopy), (20 bytes).
    Removing os_cpu_c.o(i.OSTaskDelHook), (2 bytes).
    Removing os_dbg.o(.constdata), (2 bytes).
    Removing os_flag.o(i.OSFlagAccept), (252 bytes).
    Removing os_flag.o(i.OSFlagCreate), (100 bytes).
    Removing os_flag.o(i.OSFlagDel), (232 bytes).
    Removing os_flag.o(i.OSFlagNameGet), (88 bytes).
    Removing os_flag.o(i.OSFlagNameSet), (108 bytes).
    Removing os_flag.o(i.OSFlagPend), (600 bytes).
    Removing os_flag.o(i.OSFlagPendGetFlagsRdy), (32 bytes).
    Removing os_flag.o(i.OSFlagPost), (312 bytes).
    Removing os_flag.o(i.OSFlagQuery), (48 bytes).
    Removing os_flag.o(i.OS_FlagBlock), (164 bytes).
    Removing os_flag.o(i.OS_FlagTaskRdy), (104 bytes).
    Removing os_flag.o(i.OS_FlagUnlink), (36 bytes).
    Removing os_mbox.o(i.OSMboxAccept), (38 bytes).
    Removing os_mbox.o(i.OSMboxDel), (228 bytes).
    Removing os_mbox.o(i.OSMboxPendAbort), (128 bytes).
    Removing os_mbox.o(i.OSMboxPostOpt), (120 bytes).
    Removing os_mbox.o(i.OSMboxQuery), (76 bytes).
    Removing os_mutex.o(i.OSMutexAccept), (148 bytes).
    Removing os_mutex.o(i.OSMutexDel), (300 bytes).
    Removing os_mutex.o(i.OSMutexPend), (588 bytes).
    Removing os_mutex.o(i.OSMutexPost), (204 bytes).
    Removing os_mutex.o(i.OSMutexQuery), (112 bytes).
    Removing os_mutex.o(i.OSMutex_RdyAtPrio), (124 bytes).
    Removing os_sem.o(i.OSSemAccept), (44 bytes).
    Removing os_sem.o(i.OSSemCreate), (88 bytes).
    Removing os_sem.o(i.OSSemDel), (228 bytes).
    Removing os_sem.o(i.OSSemPend), (248 bytes).
    Removing os_sem.o(i.OSSemPendAbort), (128 bytes).
    Removing os_sem.o(i.OSSemPost), (88 bytes).
    Removing os_sem.o(i.OSSemQuery), (82 bytes).
    Removing os_sem.o(i.OSSemSet), (68 bytes).
    Removing os_task.o(i.OSTaskChangePrio), (416 bytes).
    Removing os_task.o(i.OSTaskDel), (360 bytes).
    Removing os_task.o(i.OSTaskDelReq), (108 bytes).
    Removing os_task.o(i.OSTaskNameGet), (128 bytes).
    Removing os_task.o(i.OSTaskQuery), (92 bytes).
    Removing os_task.o(i.OSTaskResume), (176 bytes).
    Removing os_time.o(i.OSTimeDlyResume), (188 bytes).
    Removing os_time.o(i.OSTimeGet), (28 bytes).
    Removing os_time.o(i.OSTimeSet), (28 bytes).
    Removing leds.o(i.LedsTask), (40 bytes).
    Removing key.o(i.KeyInit), (36 bytes).
    Removing key.o(i.KeyTask), (24 bytes).
    Removing can.o(i.Can_Receive_Msg), (60 bytes).
    Removing can.o(i.Can_Send_Msg), (108 bytes).
    Removing crc8_16.o(i.Get_Crc16), (56 bytes).
    Removing crc8_16.o(.constdata), (512 bytes).
    Removing malloc.o(i.mymemcpy), (26 bytes).
    Removing malloc.o(i.myrealloc), (68 bytes).
    Removing dadd.o(.text), (330 bytes).
    Removing dmul.o(.text), (226 bytes).
    Removing ddiv.o(.text), (222 bytes).
    Removing dfixul.o(.text), (48 bytes).
    Removing cdrcmple.o(.text), (40 bytes).
    Removing depilogue.o(.text), (194 bytes).

274 unused section(s) (total 17342 bytes) removed from the image.

==============================================================================

Image Symbol Table

    Local Symbols

    Symbol Name                              Value     Ov Type        Size  Object(Section)

    ../../microlib/division.c                0x00000000   Number         0  uldiv.o ABSOLUTE
    ../../microlib/division.c                0x00000000   Number         0  uidiv.o ABSOLUTE
    ../../microlib/fpadd.c                   0x00000000   Number         0  dadd.o ABSOLUTE
    ../../microlib/fpdiv.c                   0x00000000   Number         0  ddiv.o ABSOLUTE
    ../../microlib/fpepilogue.c              0x00000000   Number         0  depilogue.o ABSOLUTE
    ../../microlib/fpfix.c                   0x00000000   Number         0  dfixul.o ABSOLUTE
    ../../microlib/fpmul.c                   0x00000000   Number         0  dmul.o ABSOLUTE
    ../../microlib/init/entry.s              0x00000000   Number         0  entry5.o ABSOLUTE
    ../../microlib/init/entry.s              0x00000000   Number         0  entry.o ABSOLUTE
    ../../microlib/init/entry.s              0x00000000   Number         0  entry7.o ABSOLUTE
    ../../microlib/init/entry.s              0x00000000   Number         0  entry2.o ABSOLUTE
    ../../microlib/longlong.c                0x00000000   Number         0  llsshr.o ABSOLUTE
    ../../microlib/longlong.c                0x00000000   Number         0  llushr.o ABSOLUTE
    ../../microlib/longlong.c                0x00000000   Number         0  llshl.o ABSOLUTE
    ../../microlib/printf/printf.c           0x00000000   Number         0  printfb.o ABSOLUTE
    ../../microlib/printf/printf.c           0x00000000   Number         0  printf0.o ABSOLUTE
    ../../microlib/printf/printf.c           0x00000000   Number         0  printf1.o ABSOLUTE
    ../../microlib/printf/printf.c           0x00000000   Number         0  printf2.o ABSOLUTE
    ../../microlib/printf/printf.c           0x00000000   Number         0  printf3.o ABSOLUTE
    ../../microlib/printf/printf.c           0x00000000   Number         0  printf4.o ABSOLUTE
    ../../microlib/printf/printf.c           0x00000000   Number         0  printf5.o ABSOLUTE
    ../../microlib/printf/printf.c           0x00000000   Number         0  printf6.o ABSOLUTE
    ../../microlib/printf/printf.c           0x00000000   Number         0  printf7.o ABSOLUTE
    ../../microlib/printf/printf.c           0x00000000   Number         0  printf8.o ABSOLUTE
    ../../microlib/printf/printf.c           0x00000000   Number         0  printfa.o ABSOLUTE
    ../../microlib/printf/stubs.s            0x00000000   Number         0  stubs.o ABSOLUTE
    ../../microlib/stdio/streams.c           0x00000000   Number         0  stdout.o ABSOLUTE
    ../../microlib/string/memcmp.c           0x00000000   Number         0  memcmp.o ABSOLUTE
    ../../microlib/string/memcpy.c           0x00000000   Number         0  memcpya.o ABSOLUTE
    ../../microlib/string/memcpy.c           0x00000000   Number         0  memcpyb.o ABSOLUTE
    ../../microlib/string/memset.c           0x00000000   Number         0  memseta.o ABSOLUTE
    ../../microlib/string/strlen.c           0x00000000   Number         0  strlen.o ABSOLUTE
    ../../microlib/stubs.s                   0x00000000   Number         0  iusefp.o ABSOLUTE
    ..\\src\\STM32Lib\\core_cm3.c            0x00000000   Number         0  core_cm3.o ABSOLUTE
    ..\src\Key\Key.c                         0x00000000   Number         0  key.o ABSOLUTE
    ..\src\Leds\Leds.c                       0x00000000   Number         0  leds.o ABSOLUTE
    ..\src\NVIC.c                            0x00000000   Number         0  nvic.o ABSOLUTE
    ..\src\RCC.c                             0x00000000   Number         0  rcc.o ABSOLUTE
    ..\src\STM32Lib\StartUp\startup_stm32f10x_md.s 0x00000000   Number         0  startup_stm32f10x_md.o ABSOLUTE
    ..\src\STM32Lib\core_cm3.c               0x00000000   Number         0  core_cm3.o ABSOLUTE
    ..\src\STM32Lib\misc.c                   0x00000000   Number         0  misc.o ABSOLUTE
    ..\src\STM32Lib\stm32f10x_can.c          0x00000000   Number         0  stm32f10x_can.o ABSOLUTE
    ..\src\STM32Lib\stm32f10x_exti.c         0x00000000   Number         0  stm32f10x_exti.o ABSOLUTE
    ..\src\STM32Lib\stm32f10x_gpio.c         0x00000000   Number         0  stm32f10x_gpio.o ABSOLUTE
    ..\src\STM32Lib\stm32f10x_rcc.c          0x00000000   Number         0  stm32f10x_rcc.o ABSOLUTE
    ..\src\STM32Lib\stm32f10x_tim.c          0x00000000   Number         0  stm32f10x_tim.o ABSOLUTE
    ..\src\STM32Lib\stm32f10x_usart.c        0x00000000   Number         0  stm32f10x_usart.o ABSOLUTE
    ..\src\STM32Lib\system_stm32f10x.c       0x00000000   Number         0  system_stm32f10x.o ABSOLUTE
    ..\src\UCOSII\os_core.c                  0x00000000   Number         0  os_core.o ABSOLUTE
    ..\src\UCOSII\os_cpu_a.asm               0x00000000   Number         0  os_cpu_a.o ABSOLUTE
    ..\src\UCOSII\os_cpu_c.c                 0x00000000   Number         0  os_cpu_c.o ABSOLUTE
    ..\src\UCOSII\os_dbg.c                   0x00000000   Number         0  os_dbg.o ABSOLUTE
    ..\src\UCOSII\os_flag.c                  0x00000000   Number         0  os_flag.o ABSOLUTE
    ..\src\UCOSII\os_mbox.c                  0x00000000   Number         0  os_mbox.o ABSOLUTE
    ..\src\UCOSII\os_mem.c                   0x00000000   Number         0  os_mem.o ABSOLUTE
    ..\src\UCOSII\os_mutex.c                 0x00000000   Number         0  os_mutex.o ABSOLUTE
    ..\src\UCOSII\os_q.c                     0x00000000   Number         0  os_q.o ABSOLUTE
    ..\src\UCOSII\os_sem.c                   0x00000000   Number         0  os_sem.o ABSOLUTE
    ..\src\UCOSII\os_task.c                  0x00000000   Number         0  os_task.o ABSOLUTE
    ..\src\UCOSII\os_time.c                  0x00000000   Number         0  os_time.o ABSOLUTE
    ..\src\UCOSII\os_tmr.c                   0x00000000   Number         0  os_tmr.o ABSOLUTE
    ..\src\bsp\bsp.c                         0x00000000   Number         0  bsp.o ABSOLUTE
    ..\src\can\can.c                         0x00000000   Number         0  can.o ABSOLUTE
    ..\src\com\com.c                         0x00000000   Number         0  com.o ABSOLUTE
    ..\src\crc8_16\crc8_16.c                 0x00000000   Number         0  crc8_16.o ABSOLUTE
    ..\src\main.c                            0x00000000   Number         0  main.o ABSOLUTE
    ..\src\malloc\malloc.c                   0x00000000   Number         0  malloc.o ABSOLUTE
    ..\src\protocol\protocol.c               0x00000000   Number         0  protocol.o ABSOLUTE
    ..\src\protocol\syf_pro.c                0x00000000   Number         0  syf_pro.o ABSOLUTE
    ..\src\protocol\zjy_pro.c                0x00000000   Number         0  zjy_pro.o ABSOLUTE
    ..\src\publicFuc.c                       0x00000000   Number         0  publicfuc.o ABSOLUTE
    ..\src\stm32f10x_it.c                    0x00000000   Number         0  stm32f10x_it.o ABSOLUTE
    ..\src\timer\timer.c                     0x00000000   Number         0  timer.o ABSOLUTE
    ..\src\zigbee\zigbee.c                   0x00000000   Number         0  zigbee.o ABSOLUTE
    cdrcmple.s                               0x00000000   Number         0  cdrcmple.o ABSOLUTE
    dc.s                                     0x00000000   Number         0  dc.o ABSOLUTE
    handlers.s                               0x00000000   Number         0  handlers.o ABSOLUTE
    init.s                                   0x00000000   Number         0  init.o ABSOLUTE
    RESET                                    0x08000000   Section      236  startup_stm32f10x_md.o(RESET)
    .ARM.Collect$$$$00000000                 0x080000ec   Section        0  entry.o(.ARM.Collect$$$$00000000)
    .ARM.Collect$$$$00000001                 0x080000ec   Section        4  entry2.o(.ARM.Collect$$$$00000001)
    .ARM.Collect$$$$00000004                 0x080000f0   Section        4  entry5.o(.ARM.Collect$$$$00000004)
    .ARM.Collect$$$$00000007                 0x080000f4   Section        8  entry7.o(.ARM.Collect$$$$00000007)
    .ARM.Collect$$$$00002712                 0x080000fc   Section        4  entry2.o(.ARM.Collect$$$$00002712)
    __lit__00000000                          0x080000fc   Data           4  entry2.o(.ARM.Collect$$$$00002712)
    .text                                    0x08000100   Section       28  startup_stm32f10x_md.o(.text)
    .text                                    0x0800011c   Section      164  os_cpu_a.o(.text)
    .text                                    0x080001c0   Section        0  memcpya.o(.text)
    .text                                    0x080001e4   Section        0  memseta.o(.text)
    .text                                    0x0800020a   Section        0  memcmp.o(.text)
    .text                                    0x08000224   Section        0  uidiv.o(.text)
    .text                                    0x08000250   Section       36  init.o(.text)
    i.BoardPowerOff                          0x08000274   Section        0  bsp.o(i.BoardPowerOff)
    i.BoardPowerOn                           0x080002b0   Section        0  bsp.o(i.BoardPowerOn)
    i.BspInit                                0x08000344   Section        0  bsp.o(i.BspInit)
    i.CAN_FIFORelease                        0x0800046c   Section        0  stm32f10x_can.o(i.CAN_FIFORelease)
    i.CAN_FilterInit                         0x0800047c   Section        0  stm32f10x_can.o(i.CAN_FilterInit)
    i.CAN_ITConfig                           0x08000594   Section        0  stm32f10x_can.o(i.CAN_ITConfig)
    i.CAN_Init                               0x080005a6   Section        0  stm32f10x_can.o(i.CAN_Init)
    i.CAN_Mode_Init                          0x080006c4   Section        0  can.o(i.CAN_Mode_Init)
    i.CAN_Receive                            0x080007bc   Section        0  stm32f10x_can.o(i.CAN_Receive)
    i.ComRxTask                              0x080008a8   Section        0  com.o(i.ComRxTask)
    i.DebounceKey                            0x08000a3c   Section        0  key.o(i.DebounceKey)
    i.EXTI0_IRQHandler                       0x08000a6c   Section        0  stm32f10x_it.o(i.EXTI0_IRQHandler)
    i.EXTI15_10_IRQHandler                   0x08000a90   Section        0  stm32f10x_it.o(i.EXTI15_10_IRQHandler)
    i.EXTI1_IRQHandler                       0x08000ab4   Section        0  stm32f10x_it.o(i.EXTI1_IRQHandler)
    i.EXTI2_IRQHandler                       0x08000ad8   Section        0  stm32f10x_it.o(i.EXTI2_IRQHandler)
    i.EXTI3_IRQHandler                       0x08000afc   Section        0  stm32f10x_it.o(i.EXTI3_IRQHandler)
    i.EXTI4_IRQHandler                       0x08000b20   Section        0  stm32f10x_it.o(i.EXTI4_IRQHandler)
    i.EXTI9_5_IRQHandler                     0x08000b44   Section        0  stm32f10x_it.o(i.EXTI9_5_IRQHandler)
    i.EXTI_ClearITPendingBit                 0x08000b74   Section        0  stm32f10x_exti.o(i.EXTI_ClearITPendingBit)
    i.EXTI_GetITStatus                       0x08000b80   Section        0  stm32f10x_exti.o(i.EXTI_GetITStatus)
    i.FLASH_IRQHandler                       0x08000bac   Section        0  stm32f10x_it.o(i.FLASH_IRQHandler)
    i.GPIO_Init                              0x08000bd0   Section        0  stm32f10x_gpio.o(i.GPIO_Init)
    i.GPIO_ResetBits                         0x08000ce2   Section        0  stm32f10x_gpio.o(i.GPIO_ResetBits)
    i.GPIO_SetBits                           0x08000ce6   Section        0  stm32f10x_gpio.o(i.GPIO_SetBits)
    i.Get_Crc8                               0x08000cea   Section        0  crc8_16.o(i.Get_Crc8)
    i.I2C1_ER_IRQHandler                     0x08000d24   Section        0  stm32f10x_it.o(i.I2C1_ER_IRQHandler)
    i.I2C1_EV_IRQHandler                     0x08000d48   Section        0  stm32f10x_it.o(i.I2C1_EV_IRQHandler)
    i.I2C2_ER_IRQHandler                     0x08000d6c   Section        0  stm32f10x_it.o(i.I2C2_ER_IRQHandler)
    i.I2C2_EV_IRQHandler                     0x08000d90   Section        0  stm32f10x_it.o(i.I2C2_EV_IRQHandler)
    i.LedsTick                               0x08000db4   Section        0  leds.o(i.LedsTick)
    i.Leds_Init                              0x08000e28   Section        0  leds.o(i.Leds_Init)
    i.NVIC_Configuration                     0x08000ec0   Section        0  nvic.o(i.NVIC_Configuration)
    i.NVIC_Init                              0x08000f04   Section        0  misc.o(i.NVIC_Init)
    i.NVIC_PriorityGroupConfig               0x08000f88   Section        0  misc.o(i.NVIC_PriorityGroupConfig)
    i.OSInit                                 0x08000f9c   Section        0  os_core.o(i.OSInit)
    i.OSInitHookBegin                        0x08000fc4   Section        0  os_cpu_c.o(i.OSInitHookBegin)
    i.OSInitHookEnd                          0x08000fc6   Section        0  os_cpu_c.o(i.OSInitHookEnd)
    i.OSIntExit                              0x08000fc8   Section        0  os_core.o(i.OSIntExit)
    i.OSMboxCreate                           0x08001058   Section        0  os_mbox.o(i.OSMboxCreate)
    i.OSMboxPend                             0x080010b0   Section        0  os_mbox.o(i.OSMboxPend)
    i.OSMboxPost                             0x080011bc   Section        0  os_mbox.o(i.OSMboxPost)
    i.OSMutexCreate                          0x0800120c   Section        0  os_mutex.o(i.OSMutexCreate)
    i.OSStart                                0x080012a8   Section        0  os_core.o(i.OSStart)
    i.OSStatInit                             0x080012f0   Section        0  os_core.o(i.OSStatInit)
    i.OSTCBInitHook                          0x0800133c   Section        0  os_cpu_c.o(i.OSTCBInitHook)
    i.OSTaskCreate                           0x08001340   Section        0  os_task.o(i.OSTaskCreate)
    i.OSTaskCreateExt                        0x080013e0   Section        0  os_task.o(i.OSTaskCreateExt)
    i.OSTaskCreateHook                       0x08001498   Section        0  os_cpu_c.o(i.OSTaskCreateHook)
    i.OSTaskIdleHook                         0x0800149a   Section        0  os_cpu_c.o(i.OSTaskIdleHook)
    i.OSTaskNameSet                          0x0800149c   Section        0  os_task.o(i.OSTaskNameSet)
    i.OSTaskStatHook                         0x0800152c   Section        0  os_cpu_c.o(i.OSTaskStatHook)
    i.OSTaskStkChk                           0x08001530   Section        0  os_task.o(i.OSTaskStkChk)
    i.OSTaskStkInit                          0x080015bc   Section        0  os_cpu_c.o(i.OSTaskStkInit)
    i.OSTaskSuspend                          0x08001658   Section        0  os_task.o(i.OSTaskSuspend)
    i.OSTaskSwHook                           0x08001700   Section        0  os_cpu_c.o(i.OSTaskSwHook)
    i.OSTimeDly                              0x08001704   Section        0  os_time.o(i.OSTimeDly)
    i.OSTimeDlyHMSM                          0x08001774   Section        0  os_time.o(i.OSTimeDlyHMSM)
    i.OSTimeTick                             0x080017e4   Section        0  os_core.o(i.OSTimeTick)
    i.OSTimeTickHook                         0x080018d8   Section        0  os_cpu_c.o(i.OSTimeTickHook)
    i.OS_CPU_SysTickInit                     0x080018e0   Section        0  os_cpu_c.o(i.OS_CPU_SysTickInit)
    i.OS_EventTaskRdy                        0x08001944   Section        0  os_core.o(i.OS_EventTaskRdy)
    i.OS_EventTaskRemove                     0x080019d8   Section        0  os_core.o(i.OS_EventTaskRemove)
    i.OS_EventTaskRemoveMulti                0x08001a02   Section        0  os_core.o(i.OS_EventTaskRemoveMulti)
    i.OS_EventTaskWait                       0x08001a40   Section        0  os_core.o(i.OS_EventTaskWait)
    i.OS_EventWaitListInit                   0x08001abc   Section        0  os_core.o(i.OS_EventWaitListInit)
    i.OS_FlagInit                            0x08001ad8   Section        0  os_flag.o(i.OS_FlagInit)
    i.OS_InitEventList                       0x08001b24   Section        0  os_core.o(i.OS_InitEventList)
    OS_InitEventList                         0x08001b25   Thumb Code    70  os_core.o(i.OS_InitEventList)
    i.OS_InitMisc                            0x08001b74   Section        0  os_core.o(i.OS_InitMisc)
    OS_InitMisc                              0x08001b75   Thumb Code    44  os_core.o(i.OS_InitMisc)
    i.OS_InitRdyList                         0x08001bc8   Section        0  os_core.o(i.OS_InitRdyList)
    OS_InitRdyList                           0x08001bc9   Thumb Code    46  os_core.o(i.OS_InitRdyList)
    i.OS_InitTCBList                         0x08001c10   Section        0  os_core.o(i.OS_InitTCBList)
    OS_InitTCBList                           0x08001c11   Thumb Code    86  os_core.o(i.OS_InitTCBList)
    i.OS_InitTaskIdle                        0x08001c78   Section        0  os_core.o(i.OS_InitTaskIdle)
    OS_InitTaskIdle                          0x08001c79   Thumb Code    54  os_core.o(i.OS_InitTaskIdle)
    i.OS_InitTaskStat                        0x08001cc8   Section        0  os_core.o(i.OS_InitTaskStat)
    OS_InitTaskStat                          0x08001cc9   Thumb Code    54  os_core.o(i.OS_InitTaskStat)
    i.OS_MemClr                              0x08001d18   Section        0  os_core.o(i.OS_MemClr)
    i.OS_Sched                               0x08001d2c   Section        0  os_core.o(i.OS_Sched)
    i.OS_SchedNew                            0x08001da0   Section        0  os_core.o(i.OS_SchedNew)
    OS_SchedNew                              0x08001da1   Thumb Code    26  os_core.o(i.OS_SchedNew)
    i.OS_StrCopy                             0x08001dcc   Section        0  os_core.o(i.OS_StrCopy)
    i.OS_StrLen                              0x08001de8   Section        0  os_core.o(i.OS_StrLen)
    i.OS_TCBInit                             0x08001dfc   Section        0  os_core.o(i.OS_TCBInit)
    i.OS_TaskIdle                            0x08001f30   Section        0  os_core.o(i.OS_TaskIdle)
    i.OS_TaskStat                            0x08001f54   Section        0  os_core.o(i.OS_TaskStat)
    i.OS_TaskStatStkChk                      0x08001fdc   Section        0  os_core.o(i.OS_TaskStatStkChk)
    i.OS_TaskStkClr                          0x08002018   Section        0  os_task.o(i.OS_TaskStkClr)
    i.PVD_IRQHandler                         0x08002034   Section        0  stm32f10x_it.o(i.PVD_IRQHandler)
    i.PollingKey                             0x08002058   Section        0  key.o(i.PollingKey)
    i.PowerTask                              0x08002070   Section        0  bsp.o(i.PowerTask)
    i.RCC_APB1PeriphClockCmd                 0x080020e0   Section        0  stm32f10x_rcc.o(i.RCC_APB1PeriphClockCmd)
    i.RCC_APB2PeriphClockCmd                 0x08002100   Section        0  stm32f10x_rcc.o(i.RCC_APB2PeriphClockCmd)
    i.RCC_Configuration                      0x08002120   Section        0  rcc.o(i.RCC_Configuration)
    i.RCC_GetClocksFreq                      0x08002134   Section        0  stm32f10x_rcc.o(i.RCC_GetClocksFreq)
    i.RCC_IRQHandler                         0x08002210   Section        0  stm32f10x_it.o(i.RCC_IRQHandler)
    i.RTCAlarm_IRQHandler                    0x08002234   Section        0  stm32f10x_it.o(i.RTCAlarm_IRQHandler)
    i.RTC_IRQHandler                         0x08002258   Section        0  stm32f10x_it.o(i.RTC_IRQHandler)
    i.SPI1_IRQHandler                        0x0800227c   Section        0  stm32f10x_it.o(i.SPI1_IRQHandler)
    i.SPI2_IRQHandler                        0x080022a0   Section        0  stm32f10x_it.o(i.SPI2_IRQHandler)
    i.SetSysClock                            0x080022c4   Section        0  system_stm32f10x.o(i.SetSysClock)
    SetSysClock                              0x080022c5   Thumb Code     8  system_stm32f10x.o(i.SetSysClock)
    i.SetSysClockTo72                        0x080022cc   Section        0  system_stm32f10x.o(i.SetSysClockTo72)
    SetSysClockTo72                          0x080022cd   Thumb Code   198  system_stm32f10x.o(i.SetSysClockTo72)
    i.StartTask                              0x0800239c   Section        0  main.o(i.StartTask)
    i.SysTick_Handler                        0x0800243c   Section        0  stm32f10x_it.o(i.SysTick_Handler)
    i.SystemDemo_Init                        0x08002470   Section        0  rcc.o(i.SystemDemo_Init)
    i.SystemInit                             0x080024ac   Section        0  system_stm32f10x.o(i.SystemInit)
    i.TAMPER_IRQHandler                      0x080024fc   Section        0  stm32f10x_it.o(i.TAMPER_IRQHandler)
    i.TIM1_BRK_IRQHandler                    0x08002520   Section        0  stm32f10x_it.o(i.TIM1_BRK_IRQHandler)
    i.TIM1_CC_IRQHandler                     0x08002544   Section        0  stm32f10x_it.o(i.TIM1_CC_IRQHandler)
    i.TIM1_TRG_COM_IRQHandler                0x08002568   Section        0  stm32f10x_it.o(i.TIM1_TRG_COM_IRQHandler)
    i.TIM1_UP_IRQHandler                     0x0800258c   Section        0  stm32f10x_it.o(i.TIM1_UP_IRQHandler)
    i.TIM2_IRQHandler                        0x080025b0   Section        0  stm32f10x_it.o(i.TIM2_IRQHandler)
    i.TIM3_IRQHandler                        0x080025d4   Section        0  stm32f10x_it.o(i.TIM3_IRQHandler)
    i.TIM4_IRQHandler                        0x0800260c   Section        0  stm32f10x_it.o(i.TIM4_IRQHandler)
    i.TIM_ClearITPendingBit                  0x08002630   Section        0  stm32f10x_tim.o(i.TIM_ClearITPendingBit)
    i.TIM_GetITStatus                        0x08002636   Section        0  stm32f10x_tim.o(i.TIM_GetITStatus)
    i.UILEDBlink                             0x08002658   Section        0  leds.o(i.UILEDBlink)
    i.USART1_IRQHandler                      0x080026b0   Section        0  stm32f10x_it.o(i.USART1_IRQHandler)
    i.USART2_IRQHandler                      0x08002710   Section        0  stm32f10x_it.o(i.USART2_IRQHandler)
    i.USART3_IRQHandler                      0x08002734   Section        0  stm32f10x_it.o(i.USART3_IRQHandler)
    i.USART_ClearFlag                        0x08002794   Section        0  stm32f10x_usart.o(i.USART_ClearFlag)
    i.USART_ClockInit                        0x0800279a   Section        0  stm32f10x_usart.o(i.USART_ClockInit)
    i.USART_Cmd                              0x080027bc   Section        0  stm32f10x_usart.o(i.USART_Cmd)
    i.USART_GetFlagStatus                    0x080027d4   Section        0  stm32f10x_usart.o(i.USART_GetFlagStatus)
    i.USART_GetITStatus                      0x080027e6   Section        0  stm32f10x_usart.o(i.USART_GetITStatus)
    i.USART_ITConfig                         0x08002832   Section        0  stm32f10x_usart.o(i.USART_ITConfig)
    i.USART_Init                             0x08002874   Section        0  stm32f10x_usart.o(i.USART_Init)
    i.USART_ReceiveData                      0x08002910   Section        0  stm32f10x_usart.o(i.USART_ReceiveData)
    i.USART_SendData                         0x0800291a   Section        0  stm32f10x_usart.o(i.USART_SendData)
    i.USBWakeUp_IRQHandler                   0x08002924   Section        0  stm32f10x_it.o(i.USBWakeUp_IRQHandler)
    i.USB_LP_CAN1_RX0_IRQHandler             0x08002948   Section        0  can.o(i.USB_LP_CAN1_RX0_IRQHandler)
    i.UcharToUint                            0x08002988   Section        0  publicfuc.o(i.UcharToUint)
    i.WWDG_IRQHandler                        0x08002994   Section        0  stm32f10x_it.o(i.WWDG_IRQHandler)
    i.ZigbeePowerOff                         0x080029b8   Section        0  bsp.o(i.ZigbeePowerOff)
    i.ZigbeePowerOn                          0x080029e8   Section        0  bsp.o(i.ZigbeePowerOn)
    i.ZigbeeRxTask                           0x08002a10   Section        0  zigbee.o(i.ZigbeeRxTask)
    i.__0printf$1                            0x08002b9c   Section        0  printf1.o(i.__0printf$1)
    i.__scatterload_copy                     0x08002bbc   Section       14  handlers.o(i.__scatterload_copy)
    i.__scatterload_null                     0x08002bca   Section        2  handlers.o(i.__scatterload_null)
    i.__scatterload_zeroinit                 0x08002bcc   Section       14  handlers.o(i.__scatterload_zeroinit)
    i._printf_core                           0x08002bdc   Section        0  printf1.o(i._printf_core)
    _printf_core                             0x08002bdd   Thumb Code   334  printf1.o(i._printf_core)
    i.clock_time                             0x08002d30   Section        0  timer.o(i.clock_time)
    i.com_init                               0x08002d3c   Section        0  com.o(i.com_init)
    i.com_rx_irq                             0x08002e18   Section        0  com.o(i.com_rx_irq)
    i.com_send_data                          0x08002e5c   Section        0  com.o(i.com_send_data)
    i.com_tx_irq                             0x08002ed4   Section        0  com.o(i.com_tx_irq)
    i.fputc                                  0x08002f2c   Section        0  publicfuc.o(i.fputc)
    i.main                                   0x08002f50   Section        0  main.o(i.main)
    i.mem_free                               0x08002f78   Section        0  malloc.o(i.mem_free)
    i.mem_init                               0x08002fe4   Section        0  malloc.o(i.mem_init)
    i.mem_malloc                             0x08003028   Section        0  malloc.o(i.mem_malloc)
    i.mem_perused                            0x080030d8   Section        0  malloc.o(i.mem_perused)
    i.myfree                                 0x08003118   Section        0  malloc.o(i.myfree)
    i.mymalloc                               0x0800314c   Section        0  malloc.o(i.mymalloc)
    i.mymemset                               0x08003180   Section        0  malloc.o(i.mymemset)
    i.protocol_find                          0x08003194   Section        0  protocol.o(i.protocol_find)
    i.protocol_init                          0x080031d8   Section        0  protocol.o(i.protocol_init)
    i.protocol_register                      0x080031f4   Section        0  protocol.o(i.protocol_register)
    i.syf_pro_check_data                     0x08003224   Section        0  syf_pro.o(i.syf_pro_check_data)
    i.syf_pro_get_packet                     0x08003250   Section        0  syf_pro.o(i.syf_pro_get_packet)
    i.syf_pro_parse_packet                   0x080032dc   Section        0  syf_pro.o(i.syf_pro_parse_packet)
    i.syf_pro_register                       0x08003360   Section        0  syf_pro.o(i.syf_pro_register)
    i.syf_pro_send_packet                    0x080033a4   Section        0  syf_pro.o(i.syf_pro_send_packet)
    i.timer_expired                          0x08003490   Section        0  timer.o(i.timer_expired)
    i.timer_reset                            0x080034aa   Section        0  timer.o(i.timer_reset)
    i.timer_restart                          0x080034b4   Section        0  timer.o(i.timer_restart)
    i.timer_set                              0x080034c0   Section        0  timer.o(i.timer_set)
    i.zigbee_init                            0x080034d0   Section        0  zigbee.o(i.zigbee_init)
    i.zigbee_rx_irq                          0x080035b0   Section        0  zigbee.o(i.zigbee_rx_irq)
    i.zigbee_send_data                       0x080035f4   Section        0  zigbee.o(i.zigbee_send_data)
    i.zigbee_tx_irq                          0x0800366c   Section        0  zigbee.o(i.zigbee_tx_irq)
    i.zjy_pro_check_data                     0x080036c4   Section        0  zjy_pro.o(i.zjy_pro_check_data)
    i.zjy_pro_get_packet                     0x080036f2   Section        0  zjy_pro.o(i.zjy_pro_get_packet)
    i.zjy_pro_parse_packet                   0x08003758   Section        0  zjy_pro.o(i.zjy_pro_parse_packet)
    i.zjy_pro_register                       0x080037e0   Section        0  zjy_pro.o(i.zjy_pro_register)
    i.zjy_pro_send_packet                    0x08003820   Section        0  zjy_pro.o(i.zjy_pro_send_packet)
    .constdata                               0x080038c4   Section       20  system_stm32f10x.o(.constdata)
    .constdata                               0x080038d8   Section      256  os_core.o(.constdata)
    .constdata                               0x080039d8   Section        8  leds.o(.constdata)
    g_pucLEDPin                              0x080039d8   Data           8  leds.o(.constdata)
    .constdata                               0x080039e0   Section       24  malloc.o(.constdata)
    .data                                    0x20000000   Section       12  main.o(.data)
    .data                                    0x2000000c   Section        4  stm32f10x_it.o(.data)
    .data                                    0x20000010   Section       20  stm32f10x_rcc.o(.data)
    APBAHBPrescTable                         0x20000010   Data          16  stm32f10x_rcc.o(.data)
    ADCPrescTable                            0x20000020   Data           4  stm32f10x_rcc.o(.data)
    .data                                    0x20000024   Section       64  os_core.o(.data)
    .data                                    0x20000064   Section       16  zigbee.o(.data)
    zigbee_rx_timer                          0x2000006c   Data           8  zigbee.o(.data)
    .data                                    0x20000074   Section       16  com.o(.data)
    com_rx_timer                             0x2000007c   Data           8  com.o(.data)
    .data                                    0x20000084   Section       36  leds.o(.data)
    g_pusBlinkRate                           0x20000084   Data           8  leds.o(.data)
    g_ulBlinkCount                           0x2000008c   Data           4  leds.o(.data)
    g_pulLEDBase                             0x20000090   Data          16  leds.o(.data)
    g_pusBlinkPeriod                         0x200000a0   Data           8  leds.o(.data)
    .data                                    0x200000a8   Section        1  key.o(.data)
    old_key_keep                             0x200000a8   Data           1  key.o(.data)
    .data                                    0x200000ac   Section       12  bsp.o(.data)
    ZigPowerOnFlag                           0x200000ac   Data           1  bsp.o(.data)
    BoardPwerOnFlag                          0x200000ad   Data           1  bsp.o(.data)
    bsp_timer                                0x200000b0   Data           8  bsp.o(.data)
    .data                                    0x200000b8   Section        1  zjy_pro.o(.data)
    state                                    0x200000b8   Data           1  zjy_pro.o(.data)
    .data                                    0x200000b9   Section        1  syf_pro.o(.data)
    state                                    0x200000b9   Data           1  syf_pro.o(.data)
    .data                                    0x200000ba   Section        1  protocol.o(.data)
    .data                                    0x200000bc   Section       28  malloc.o(.data)
    .data                                    0x200000d8   Section        4  stdout.o(.data)
    .bss                                     0x200000dc   Section     3328  main.o(.bss)
    .bss                                     0x20000ddc   Section     3636  os_core.o(.bss)
    .bss                                     0x20001c10   Section      212  zigbee.o(.bss)
    .bss                                     0x20001ce4   Section      206  com.o(.bss)
    .bss                                     0x20001db4   Section       60  protocol.o(.bss)
    .bss                                     0x20001df0   Section    10880  malloc.o(.bss)
    STACK                                    0x20004870   Section      512  startup_stm32f10x_md.o(STACK)
    .ARM.__AT_0x68000000                     0x68000000   Section       32  malloc.o(.ARM.__AT_0x68000000)
    .ARM.__AT_0x68000020                     0x68000020   Section        2  malloc.o(.ARM.__AT_0x68000020)

    Global Symbols

    Symbol Name                              Value     Ov Type        Size  Object(Section)

    BuildAttributes$$THM_ISAv4$P$D$K$B$S$PE$A:L22UL41UL21$X:L11$S22US41US21$IEEE1$IW$USESV6$~STKCKD$USESV7$~SHL$OSPACE$ROPI$EBA8$MICROLIB$REQ8$PRES8$EABIv2 0x00000000   Number         0  anon$$obj.o ABSOLUTE
    __ARM_use_no_argv                        0x00000000   Number         0  main.o ABSOLUTE
    _printf_a                                0x00000000   Number         0  stubs.o ABSOLUTE
    _printf_c                                0x00000000   Number         0  stubs.o ABSOLUTE
    _printf_charcount                        0x00000000   Number         0  stubs.o ABSOLUTE
    _printf_d                                0x00000000   Number         0  stubs.o ABSOLUTE
    _printf_e                                0x00000000   Number         0  stubs.o ABSOLUTE
    _printf_f                                0x00000000   Number         0  stubs.o ABSOLUTE
    _printf_flags                            0x00000000   Number         0  stubs.o ABSOLUTE
    _printf_fp_dec                           0x00000000   Number         0  stubs.o ABSOLUTE
    _printf_fp_hex                           0x00000000   Number         0  stubs.o ABSOLUTE
    _printf_g                                0x00000000   Number         0  stubs.o ABSOLUTE
    _printf_i                                0x00000000   Number         0  stubs.o ABSOLUTE
    _printf_int_dec                          0x00000000   Number         0  stubs.o ABSOLUTE
    _printf_l                                0x00000000   Number         0  stubs.o ABSOLUTE
    _printf_lc                               0x00000000   Number         0  stubs.o ABSOLUTE
    _printf_ll                               0x00000000   Number         0  stubs.o ABSOLUTE
    _printf_lld                              0x00000000   Number         0  stubs.o ABSOLUTE
    _printf_lli                              0x00000000   Number         0  stubs.o ABSOLUTE
    _printf_llo                              0x00000000   Number         0  stubs.o ABSOLUTE
    _printf_llu                              0x00000000   Number         0  stubs.o ABSOLUTE
    _printf_llx                              0x00000000   Number         0  stubs.o ABSOLUTE
    _printf_longlong_dec                     0x00000000   Number         0  stubs.o ABSOLUTE
    _printf_longlong_hex                     0x00000000   Number         0  stubs.o ABSOLUTE
    _printf_longlong_oct                     0x00000000   Number         0  stubs.o ABSOLUTE
    _printf_ls                               0x00000000   Number         0  stubs.o ABSOLUTE
    _printf_mbtowc                           0x00000000   Number         0  stubs.o ABSOLUTE
    _printf_n                                0x00000000   Number         0  stubs.o ABSOLUTE
    _printf_o                                0x00000000   Number         0  stubs.o ABSOLUTE
    _printf_p                                0x00000000   Number         0  stubs.o ABSOLUTE
    _printf_percent                          0x00000000   Number         0  stubs.o ABSOLUTE
    _printf_pre_padding                      0x00000000   Number         0  stubs.o ABSOLUTE
    _printf_return_value                     0x00000000   Number         0  stubs.o ABSOLUTE
    _printf_s                                0x00000000   Number         0  stubs.o ABSOLUTE
    _printf_sizespec                         0x00000000   Number         0  stubs.o ABSOLUTE
    _printf_str                              0x00000000   Number         0  stubs.o ABSOLUTE
    _printf_truncate_signed                  0x00000000   Number         0  stubs.o ABSOLUTE
    _printf_truncate_unsigned                0x00000000   Number         0  stubs.o ABSOLUTE
    _printf_u                                0x00000000   Number         0  stubs.o ABSOLUTE
    _printf_wc                               0x00000000   Number         0  stubs.o ABSOLUTE
    _printf_wctomb                           0x00000000   Number         0  stubs.o ABSOLUTE
    _printf_widthprec                        0x00000000   Number         0  stubs.o ABSOLUTE
    _printf_x                                0x00000000   Number         0  stubs.o ABSOLUTE
    __decompress                              - Undefined Weak Reference
    __Vectors_Size                           0x000000ec   Number         0  startup_stm32f10x_md.o ABSOLUTE
    __Vectors                                0x08000000   Data           4  startup_stm32f10x_md.o(RESET)
    __Vectors_End                            0x080000ec   Data           0  startup_stm32f10x_md.o(RESET)
    __main                                   0x080000ed   Thumb Code     0  entry.o(.ARM.Collect$$$$00000000)
    _main_stk                                0x080000ed   Thumb Code     0  entry2.o(.ARM.Collect$$$$00000001)
    _main_scatterload                        0x080000f1   Thumb Code     0  entry5.o(.ARM.Collect$$$$00000004)
    __main_after_scatterload                 0x080000f5   Thumb Code     0  entry5.o(.ARM.Collect$$$$00000004)
    _main_init                               0x080000f5   Thumb Code     0  entry7.o(.ARM.Collect$$$$00000007)
    Reset_Handler                            0x08000101   Thumb Code     4  startup_stm32f10x_md.o(.text)
    NMI_Handler                              0x08000105   Thumb Code     2  startup_stm32f10x_md.o(.text)
    HardFault_Handler                        0x08000107   Thumb Code     2  startup_stm32f10x_md.o(.text)
    MemManage_Handler                        0x08000109   Thumb Code     2  startup_stm32f10x_md.o(.text)
    BusFault_Handler                         0x0800010b   Thumb Code     2  startup_stm32f10x_md.o(.text)
    UsageFault_Handler                       0x0800010d   Thumb Code     2  startup_stm32f10x_md.o(.text)
    SVC_Handler                              0x0800010f   Thumb Code     2  startup_stm32f10x_md.o(.text)
    DebugMon_Handler                         0x08000111   Thumb Code     2  startup_stm32f10x_md.o(.text)
    ADC1_2_IRQHandler                        0x08000117   Thumb Code     0  startup_stm32f10x_md.o(.text)
    CAN1_RX1_IRQHandler                      0x08000117   Thumb Code     0  startup_stm32f10x_md.o(.text)
    CAN1_SCE_IRQHandler                      0x08000117   Thumb Code     0  startup_stm32f10x_md.o(.text)
    DMA1_Channel1_IRQHandler                 0x08000117   Thumb Code     0  startup_stm32f10x_md.o(.text)
    DMA1_Channel2_IRQHandler                 0x08000117   Thumb Code     0  startup_stm32f10x_md.o(.text)
    DMA1_Channel3_IRQHandler                 0x08000117   Thumb Code     0  startup_stm32f10x_md.o(.text)
    DMA1_Channel4_IRQHandler                 0x08000117   Thumb Code     0  startup_stm32f10x_md.o(.text)
    DMA1_Channel5_IRQHandler                 0x08000117   Thumb Code     0  startup_stm32f10x_md.o(.text)
    DMA1_Channel6_IRQHandler                 0x08000117   Thumb Code     0  startup_stm32f10x_md.o(.text)
    DMA1_Channel7_IRQHandler                 0x08000117   Thumb Code     0  startup_stm32f10x_md.o(.text)
    USB_HP_CAN1_TX_IRQHandler                0x08000117   Thumb Code     0  startup_stm32f10x_md.o(.text)
    OS_CPU_SR_Save                           0x0800011d   Thumb Code     0  os_cpu_a.o(.text)
    OS_CPU_SR_Restore                        0x08000125   Thumb Code     0  os_cpu_a.o(.text)
    OSStartHighRdy                           0x0800012b   Thumb Code     0  os_cpu_a.o(.text)
    OSCtxSw                                  0x0800014b   Thumb Code     0  os_cpu_a.o(.text)
    OSIntCtxSw                               0x08000155   Thumb Code     0  os_cpu_a.o(.text)
    PendSV_Handler                           0x0800015f   Thumb Code     0  os_cpu_a.o(.text)
    __aeabi_memcpy                           0x080001c1   Thumb Code    36  memcpya.o(.text)
    __aeabi_memcpy4                          0x080001c1   Thumb Code     0  memcpya.o(.text)
    __aeabi_memcpy8                          0x080001c1   Thumb Code     0  memcpya.o(.text)
    __aeabi_memset                           0x080001e5   Thumb Code    14  memseta.o(.text)
    __aeabi_memset4                          0x080001e5   Thumb Code     0  memseta.o(.text)
    __aeabi_memset8                          0x080001e5   Thumb Code     0  memseta.o(.text)
    __aeabi_memclr                           0x080001f3   Thumb Code     4  memseta.o(.text)
    __aeabi_memclr4                          0x080001f3   Thumb Code     0  memseta.o(.text)
    __aeabi_memclr8                          0x080001f3   Thumb Code     0  memseta.o(.text)
    _memset$wrapper                          0x080001f7   Thumb Code    20  memseta.o(.text)
    memcmp                                   0x0800020b   Thumb Code    26  memcmp.o(.text)
    __aeabi_uidiv                            0x08000225   Thumb Code     0  uidiv.o(.text)
    __aeabi_uidivmod                         0x08000225   Thumb Code    44  uidiv.o(.text)
    __scatterload                            0x08000251   Thumb Code    28  init.o(.text)
    __scatterload_rt2                        0x08000251   Thumb Code     0  init.o(.text)
    BoardPowerOff                            0x08000275   Thumb Code    48  bsp.o(i.BoardPowerOff)
    BoardPowerOn                             0x080002b1   Thumb Code   130  bsp.o(i.BoardPowerOn)
    BspInit                                  0x08000345   Thumb Code   272  bsp.o(i.BspInit)
    CAN_FIFORelease                          0x0800046d   Thumb Code    14  stm32f10x_can.o(i.CAN_FIFORelease)
    CAN_FilterInit                           0x0800047d   Thumb Code   250  stm32f10x_can.o(i.CAN_FilterInit)
    CAN_ITConfig                             0x08000595   Thumb Code    18  stm32f10x_can.o(i.CAN_ITConfig)
    CAN_Init                                 0x080005a7   Thumb Code   284  stm32f10x_can.o(i.CAN_Init)
    CAN_Mode_Init                            0x080006c5   Thumb Code   240  can.o(i.CAN_Mode_Init)
    CAN_Receive                              0x080007bd   Thumb Code   234  stm32f10x_can.o(i.CAN_Receive)
    ComRxTask                                0x080008a9   Thumb Code   392  com.o(i.ComRxTask)
    DebounceKey                              0x08000a3d   Thumb Code    42  key.o(i.DebounceKey)
    EXTI0_IRQHandler                         0x08000a6d   Thumb Code    30  stm32f10x_it.o(i.EXTI0_IRQHandler)
    EXTI15_10_IRQHandler                     0x08000a91   Thumb Code    30  stm32f10x_it.o(i.EXTI15_10_IRQHandler)
    EXTI1_IRQHandler                         0x08000ab5   Thumb Code    30  stm32f10x_it.o(i.EXTI1_IRQHandler)
    EXTI2_IRQHandler                         0x08000ad9   Thumb Code    30  stm32f10x_it.o(i.EXTI2_IRQHandler)
    EXTI3_IRQHandler                         0x08000afd   Thumb Code    30  stm32f10x_it.o(i.EXTI3_IRQHandler)
    EXTI4_IRQHandler                         0x08000b21   Thumb Code    30  stm32f10x_it.o(i.EXTI4_IRQHandler)
    EXTI9_5_IRQHandler                       0x08000b45   Thumb Code    44  stm32f10x_it.o(i.EXTI9_5_IRQHandler)
    EXTI_ClearITPendingBit                   0x08000b75   Thumb Code     6  stm32f10x_exti.o(i.EXTI_ClearITPendingBit)
    EXTI_GetITStatus                         0x08000b81   Thumb Code    34  stm32f10x_exti.o(i.EXTI_GetITStatus)
    FLASH_IRQHandler                         0x08000bad   Thumb Code    30  stm32f10x_it.o(i.FLASH_IRQHandler)
    GPIO_Init                                0x08000bd1   Thumb Code   274  stm32f10x_gpio.o(i.GPIO_Init)
    GPIO_ResetBits                           0x08000ce3   Thumb Code     4  stm32f10x_gpio.o(i.GPIO_ResetBits)
    GPIO_SetBits                             0x08000ce7   Thumb Code     4  stm32f10x_gpio.o(i.GPIO_SetBits)
    Get_Crc8                                 0x08000ceb   Thumb Code    56  crc8_16.o(i.Get_Crc8)
    I2C1_ER_IRQHandler                       0x08000d25   Thumb Code    30  stm32f10x_it.o(i.I2C1_ER_IRQHandler)
    I2C1_EV_IRQHandler                       0x08000d49   Thumb Code    30  stm32f10x_it.o(i.I2C1_EV_IRQHandler)
    I2C2_ER_IRQHandler                       0x08000d6d   Thumb Code    30  stm32f10x_it.o(i.I2C2_ER_IRQHandler)
    I2C2_EV_IRQHandler                       0x08000d91   Thumb Code    30  stm32f10x_it.o(i.I2C2_EV_IRQHandler)
    LedsTick                                 0x08000db5   Thumb Code    94  leds.o(i.LedsTick)
    Leds_Init                                0x08000e29   Thumb Code   148  leds.o(i.Leds_Init)
    NVIC_Configuration                       0x08000ec1   Thumb Code    68  nvic.o(i.NVIC_Configuration)
    NVIC_Init                                0x08000f05   Thumb Code   118  misc.o(i.NVIC_Init)
    NVIC_PriorityGroupConfig                 0x08000f89   Thumb Code    10  misc.o(i.NVIC_PriorityGroupConfig)
    OSInit                                   0x08000f9d   Thumb Code    40  os_core.o(i.OSInit)
    OSInitHookBegin                          0x08000fc5   Thumb Code     2  os_cpu_c.o(i.OSInitHookBegin)
    OSInitHookEnd                            0x08000fc7   Thumb Code     2  os_cpu_c.o(i.OSInitHookEnd)
    OSIntExit                                0x08000fc9   Thumb Code   112  os_core.o(i.OSIntExit)
    OSMboxCreate                             0x08001059   Thumb Code    78  os_mbox.o(i.OSMboxCreate)
    OSMboxPend                               0x080010b1   Thumb Code   256  os_mbox.o(i.OSMboxPend)
    OSMboxPost                               0x080011bd   Thumb Code    80  os_mbox.o(i.OSMboxPost)
    OSMutexCreate                            0x0800120d   Thumb Code   144  os_mutex.o(i.OSMutexCreate)
    OSStart                                  0x080012a9   Thumb Code    48  os_core.o(i.OSStart)
    OSStatInit                               0x080012f1   Thumb Code    62  os_core.o(i.OSStatInit)
    OSTCBInitHook                            0x0800133d   Thumb Code     2  os_cpu_c.o(i.OSTCBInitHook)
    OSTaskCreate                             0x08001341   Thumb Code   148  os_task.o(i.OSTaskCreate)
    OSTaskCreateExt                          0x080013e1   Thumb Code   172  os_task.o(i.OSTaskCreateExt)
    OSTaskCreateHook                         0x08001499   Thumb Code     2  os_cpu_c.o(i.OSTaskCreateHook)
    OSTaskIdleHook                           0x0800149b   Thumb Code     2  os_cpu_c.o(i.OSTaskIdleHook)
    OSTaskNameSet                            0x0800149d   Thumb Code   132  os_task.o(i.OSTaskNameSet)
    OSTaskStatHook                           0x0800152d   Thumb Code     2  os_cpu_c.o(i.OSTaskStatHook)
    OSTaskStkChk                             0x08001531   Thumb Code   132  os_task.o(i.OSTaskStkChk)
    OSTaskStkInit                            0x080015bd   Thumb Code   154  os_cpu_c.o(i.OSTaskStkInit)
    OSTaskSuspend                            0x08001659   Thumb Code   152  os_task.o(i.OSTaskSuspend)
    OSTaskSwHook                             0x08001701   Thumb Code     2  os_cpu_c.o(i.OSTaskSwHook)
    OSTimeDly                                0x08001705   Thumb Code    96  os_time.o(i.OSTimeDly)
    OSTimeDlyHMSM                            0x08001775   Thumb Code   108  os_time.o(i.OSTimeDlyHMSM)
    OSTimeTick                               0x080017e5   Thumb Code   220  os_core.o(i.OSTimeTick)
    OSTimeTickHook                           0x080018d9   Thumb Code     8  os_cpu_c.o(i.OSTimeTickHook)
    OS_CPU_SysTickInit                       0x080018e1   Thumb Code    88  os_cpu_c.o(i.OS_CPU_SysTickInit)
    OS_EventTaskRdy                          0x08001945   Thumb Code   132  os_core.o(i.OS_EventTaskRdy)
    OS_EventTaskRemove                       0x080019d9   Thumb Code    42  os_core.o(i.OS_EventTaskRemove)
    OS_EventTaskRemoveMulti                  0x08001a03   Thumb Code    60  os_core.o(i.OS_EventTaskRemoveMulti)
    OS_EventTaskWait                         0x08001a41   Thumb Code   112  os_core.o(i.OS_EventTaskWait)
    OS_EventWaitListInit                     0x08001abd   Thumb Code    28  os_core.o(i.OS_EventWaitListInit)
    OS_FlagInit                              0x08001ad9   Thumb Code    68  os_flag.o(i.OS_FlagInit)
    OS_MemClr                                0x08001d19   Thumb Code    18  os_core.o(i.OS_MemClr)
    OS_Sched                                 0x08001d2d   Thumb Code    86  os_core.o(i.OS_Sched)
    OS_StrCopy                               0x08001dcd   Thumb Code    28  os_core.o(i.OS_StrCopy)
    OS_StrLen                                0x08001de9   Thumb Code    20  os_core.o(i.OS_StrLen)
    OS_TCBInit                               0x08001dfd   Thumb Code   282  os_core.o(i.OS_TCBInit)
    OS_TaskIdle                              0x08001f31   Thumb Code    32  os_core.o(i.OS_TaskIdle)
    OS_TaskStat                              0x08001f55   Thumb Code   114  os_core.o(i.OS_TaskStat)
    OS_TaskStatStkChk                        0x08001fdd   Thumb Code    54  os_core.o(i.OS_TaskStatStkChk)
    OS_TaskStkClr                            0x08002019   Thumb Code    26  os_task.o(i.OS_TaskStkClr)
    PVD_IRQHandler                           0x08002035   Thumb Code    30  stm32f10x_it.o(i.PVD_IRQHandler)
    PollingKey                               0x08002059   Thumb Code    18  key.o(i.PollingKey)
    PowerTask                                0x08002071   Thumb Code    98  bsp.o(i.PowerTask)
    RCC_APB1PeriphClockCmd                   0x080020e1   Thumb Code    26  stm32f10x_rcc.o(i.RCC_APB1PeriphClockCmd)
    RCC_APB2PeriphClockCmd                   0x08002101   Thumb Code    26  stm32f10x_rcc.o(i.RCC_APB2PeriphClockCmd)
    RCC_Configuration                        0x08002121   Thumb Code    18  rcc.o(i.RCC_Configuration)
    RCC_GetClocksFreq                        0x08002135   Thumb Code   192  stm32f10x_rcc.o(i.RCC_GetClocksFreq)
    RCC_IRQHandler                           0x08002211   Thumb Code    30  stm32f10x_it.o(i.RCC_IRQHandler)
    RTCAlarm_IRQHandler                      0x08002235   Thumb Code    30  stm32f10x_it.o(i.RTCAlarm_IRQHandler)
    RTC_IRQHandler                           0x08002259   Thumb Code    30  stm32f10x_it.o(i.RTC_IRQHandler)
    SPI1_IRQHandler                          0x0800227d   Thumb Code    30  stm32f10x_it.o(i.SPI1_IRQHandler)
    SPI2_IRQHandler                          0x080022a1   Thumb Code    30  stm32f10x_it.o(i.SPI2_IRQHandler)
    StartTask                                0x0800239d   Thumb Code   122  main.o(i.StartTask)
    SysTick_Handler                          0x0800243d   Thumb Code    44  stm32f10x_it.o(i.SysTick_Handler)
    SystemDemo_Init                          0x08002471   Thumb Code    58  rcc.o(i.SystemDemo_Init)
    SystemInit                               0x080024ad   Thumb Code    68  system_stm32f10x.o(i.SystemInit)
    TAMPER_IRQHandler                        0x080024fd   Thumb Code    30  stm32f10x_it.o(i.TAMPER_IRQHandler)
    TIM1_BRK_IRQHandler                      0x08002521   Thumb Code    30  stm32f10x_it.o(i.TIM1_BRK_IRQHandler)
    TIM1_CC_IRQHandler                       0x08002545   Thumb Code    30  stm32f10x_it.o(i.TIM1_CC_IRQHandler)
    TIM1_TRG_COM_IRQHandler                  0x08002569   Thumb Code    30  stm32f10x_it.o(i.TIM1_TRG_COM_IRQHandler)
    TIM1_UP_IRQHandler                       0x0800258d   Thumb Code    30  stm32f10x_it.o(i.TIM1_UP_IRQHandler)
    TIM2_IRQHandler                          0x080025b1   Thumb Code    30  stm32f10x_it.o(i.TIM2_IRQHandler)
    TIM3_IRQHandler                          0x080025d5   Thumb Code    48  stm32f10x_it.o(i.TIM3_IRQHandler)
    TIM4_IRQHandler                          0x0800260d   Thumb Code    30  stm32f10x_it.o(i.TIM4_IRQHandler)
    TIM_ClearITPendingBit                    0x08002631   Thumb Code     6  stm32f10x_tim.o(i.TIM_ClearITPendingBit)
    TIM_GetITStatus                          0x08002637   Thumb Code    34  stm32f10x_tim.o(i.TIM_GetITStatus)
    UILEDBlink                               0x08002659   Thumb Code    72  leds.o(i.UILEDBlink)
    USART1_IRQHandler                        0x080026b1   Thumb Code    88  stm32f10x_it.o(i.USART1_IRQHandler)
    USART2_IRQHandler                        0x08002711   Thumb Code    30  stm32f10x_it.o(i.USART2_IRQHandler)
    USART3_IRQHandler                        0x08002735   Thumb Code    88  stm32f10x_it.o(i.USART3_IRQHandler)
    USART_ClearFlag                          0x08002795   Thumb Code     6  stm32f10x_usart.o(i.USART_ClearFlag)
    USART_ClockInit                          0x0800279b   Thumb Code    34  stm32f10x_usart.o(i.USART_ClockInit)
    USART_Cmd                                0x080027bd   Thumb Code    24  stm32f10x_usart.o(i.USART_Cmd)
    USART_GetFlagStatus                      0x080027d5   Thumb Code    18  stm32f10x_usart.o(i.USART_GetFlagStatus)
    USART_GetITStatus                        0x080027e7   Thumb Code    76  stm32f10x_usart.o(i.USART_GetITStatus)
    USART_ITConfig                           0x08002833   Thumb Code    64  stm32f10x_usart.o(i.USART_ITConfig)
    USART_Init                               0x08002875   Thumb Code   150  stm32f10x_usart.o(i.USART_Init)
    USART_ReceiveData                        0x08002911   Thumb Code    10  stm32f10x_usart.o(i.USART_ReceiveData)
    USART_SendData                           0x0800291b   Thumb Code     8  stm32f10x_usart.o(i.USART_SendData)
    USBWakeUp_IRQHandler                     0x08002925   Thumb Code    30  stm32f10x_it.o(i.USBWakeUp_IRQHandler)
    USB_LP_CAN1_RX0_IRQHandler               0x08002949   Thumb Code    44  can.o(i.USB_LP_CAN1_RX0_IRQHandler)
    UcharToUint                              0x08002989   Thumb Code    10  publicfuc.o(i.UcharToUint)
    WWDG_IRQHandler                          0x08002995   Thumb Code    30  stm32f10x_it.o(i.WWDG_IRQHandler)
    ZigbeePowerOff                           0x080029b9   Thumb Code    36  bsp.o(i.ZigbeePowerOff)
    ZigbeePowerOn                            0x080029e9   Thumb Code    30  bsp.o(i.ZigbeePowerOn)
    ZigbeeRxTask                             0x08002a11   Thumb Code   384  zigbee.o(i.ZigbeeRxTask)
    __0printf$1                              0x08002b9d   Thumb Code    22  printf1.o(i.__0printf$1)
    __1printf$1                              0x08002b9d   Thumb Code     0  printf1.o(i.__0printf$1)
    __2printf                                0x08002b9d   Thumb Code     0  printf1.o(i.__0printf$1)
    __scatterload_copy                       0x08002bbd   Thumb Code    14  handlers.o(i.__scatterload_copy)
    __scatterload_null                       0x08002bcb   Thumb Code     2  handlers.o(i.__scatterload_null)
    __scatterload_zeroinit                   0x08002bcd   Thumb Code    14  handlers.o(i.__scatterload_zeroinit)
    clock_time                               0x08002d31   Thumb Code     6  timer.o(i.clock_time)
    com_init                                 0x08002d3d   Thumb Code   198  com.o(i.com_init)
    com_rx_irq                               0x08002e19   Thumb Code    56  com.o(i.com_rx_irq)
    com_send_data                            0x08002e5d   Thumb Code   112  com.o(i.com_send_data)
    com_tx_irq                               0x08002ed5   Thumb Code    78  com.o(i.com_tx_irq)
    fputc                                    0x08002f2d   Thumb Code    32  publicfuc.o(i.fputc)
    main                                     0x08002f51   Thumb Code    30  main.o(i.main)
    mem_free                                 0x08002f79   Thumb Code    96  malloc.o(i.mem_free)
    mem_init                                 0x08002fe5   Thumb Code    54  malloc.o(i.mem_init)
    mem_malloc                               0x08003029   Thumb Code   164  malloc.o(i.mem_malloc)
    mem_perused                              0x080030d9   Thumb Code    54  malloc.o(i.mem_perused)
    myfree                                   0x08003119   Thumb Code    46  malloc.o(i.myfree)
    mymalloc                                 0x0800314d   Thumb Code    48  malloc.o(i.mymalloc)
    mymemset                                 0x08003181   Thumb Code    20  malloc.o(i.mymemset)
    protocol_find                            0x08003195   Thumb Code    58  protocol.o(i.protocol_find)
    protocol_init                            0x080031d9   Thumb Code    18  protocol.o(i.protocol_init)
    protocol_register                        0x080031f5   Thumb Code    40  protocol.o(i.protocol_register)
    syf_pro_check_data                       0x08003225   Thumb Code    44  syf_pro.o(i.syf_pro_check_data)
    syf_pro_get_packet                       0x08003251   Thumb Code   140  syf_pro.o(i.syf_pro_get_packet)
    syf_pro_parse_packet                     0x080032dd   Thumb Code   122  syf_pro.o(i.syf_pro_parse_packet)
    syf_pro_register                         0x08003361   Thumb Code    54  syf_pro.o(i.syf_pro_register)
    syf_pro_send_packet                      0x080033a5   Thumb Code   236  syf_pro.o(i.syf_pro_send_packet)
    timer_expired                            0x08003491   Thumb Code    26  timer.o(i.timer_expired)
    timer_reset                              0x080034ab   Thumb Code    10  timer.o(i.timer_reset)
    timer_restart                            0x080034b5   Thumb Code    12  timer.o(i.timer_restart)
    timer_set                                0x080034c1   Thumb Code    14  timer.o(i.timer_set)
    zigbee_init                              0x080034d1   Thumb Code   204  zigbee.o(i.zigbee_init)
    zigbee_rx_irq                            0x080035b1   Thumb Code    56  zigbee.o(i.zigbee_rx_irq)
    zigbee_send_data                         0x080035f5   Thumb Code   112  zigbee.o(i.zigbee_send_data)
    zigbee_tx_irq                            0x0800366d   Thumb Code    78  zigbee.o(i.zigbee_tx_irq)
    zjy_pro_check_data                       0x080036c5   Thumb Code    46  zjy_pro.o(i.zjy_pro_check_data)
    zjy_pro_get_packet                       0x080036f3   Thumb Code   100  zjy_pro.o(i.zjy_pro_get_packet)
    zjy_pro_parse_packet                     0x08003759   Thumb Code   126  zjy_pro.o(i.zjy_pro_parse_packet)
    zjy_pro_register                         0x080037e1   Thumb Code    52  zjy_pro.o(i.zjy_pro_register)
    zjy_pro_send_packet                      0x08003821   Thumb Code   164  zjy_pro.o(i.zjy_pro_send_packet)
    SystemFrequency                          0x080038c4   Data           4  system_stm32f10x.o(.constdata)
    SystemFrequency_SysClk                   0x080038c8   Data           4  system_stm32f10x.o(.constdata)
    SystemFrequency_AHBClk                   0x080038cc   Data           4  system_stm32f10x.o(.constdata)
    SystemFrequency_APB1Clk                  0x080038d0   Data           4  system_stm32f10x.o(.constdata)
    SystemFrequency_APB2Clk                  0x080038d4   Data           4  system_stm32f10x.o(.constdata)
    OSUnMapTbl                               0x080038d8   Data         256  os_core.o(.constdata)
    memtblsize                               0x080039e0   Data           8  malloc.o(.constdata)
    memblksize                               0x080039e8   Data           8  malloc.o(.constdata)
    memsize                                  0x080039f0   Data           8  malloc.o(.constdata)
    Region$$Table$$Base                      0x080039f8   Number         0  anon$$obj.o(Region$$Table)
    Region$$Table$$Limit                     0x08003a18   Number         0  anon$$obj.o(Region$$Table)
    val                                      0x20000000   Data           1  main.o(.data)
    used                                     0x20000001   Data           1  main.o(.data)
    ZigbeeMutex                              0x20000004   Data           4  main.o(.data)
    PowerMbox                                0x20000008   Data           4  main.o(.data)
    MsCnt                                    0x2000000c   Data           4  stm32f10x_it.o(.data)
    OSCtxSwCtr                               0x20000024   Data           4  os_core.o(.data)
    OSEventFreeList                          0x20000028   Data           4  os_core.o(.data)
    OSFlagFreeList                           0x2000002c   Data           4  os_core.o(.data)
    OSCPUUsage                               0x20000030   Data           1  os_core.o(.data)
    OSIdleCtrMax                             0x20000034   Data           4  os_core.o(.data)
    OSIdleCtrRun                             0x20000038   Data           4  os_core.o(.data)
    OSStatRdy                                0x2000003c   Data           1  os_core.o(.data)
    OSIntNesting                             0x2000003d   Data           1  os_core.o(.data)
    OSLockNesting                            0x2000003e   Data           1  os_core.o(.data)
    OSPrioCur                                0x2000003f   Data           1  os_core.o(.data)
    OSPrioHighRdy                            0x20000040   Data           1  os_core.o(.data)
    OSRdyGrp                                 0x20000041   Data           1  os_core.o(.data)
    OSRdyTbl                                 0x20000042   Data           4  os_core.o(.data)
    OSRunning                                0x20000046   Data           1  os_core.o(.data)
    OSTaskCtr                                0x20000047   Data           1  os_core.o(.data)
    OSIdleCtr                                0x20000048   Data           4  os_core.o(.data)
    OSTCBCur                                 0x2000004c   Data           4  os_core.o(.data)
    OSTCBFreeList                            0x20000050   Data           4  os_core.o(.data)
    OSTCBHighRdy                             0x20000054   Data           4  os_core.o(.data)
    OSTCBList                                0x20000058   Data           4  os_core.o(.data)
    OSTickStepState                          0x2000005c   Data           1  os_core.o(.data)
    OSTime                                   0x20000060   Data           4  os_core.o(.data)
    pzigbeeRxBuf                             0x20000064   Data           4  zigbee.o(.data)
    pzigbeeTxBuf                             0x20000068   Data           4  zigbee.o(.data)
    pcomRxBuf                                0x20000074   Data           4  com.o(.data)
    pcomTxBuf                                0x20000078   Data           4  com.o(.data)
    Idx                                      0x200000ba   Data           1  protocol.o(.data)
    mallco_dev                               0x200000bc   Data          28  malloc.o(.data)
    __stdout                                 0x200000d8   Data           4  stdout.o(.data)
    StartTaskStk                             0x200000dc   Data        1024  main.o(.bss)
    ZigbeeRxTaskStk                          0x200004dc   Data        1024  main.o(.bss)
    ComRxTaskStk                             0x200008dc   Data        1024  main.o(.bss)
    PowerTaskStk                             0x20000cdc   Data         256  main.o(.bss)
    OSEventTbl                               0x20000ddc   Data         320  os_core.o(.bss)
    OSFlagTbl                                0x20000f1c   Data         140  os_core.o(.bss)
    OSTaskStatStk                            0x20000fa8   Data         512  os_core.o(.bss)
    OSTaskIdleStk                            0x200011a8   Data         512  os_core.o(.bss)
    OSTCBPrioTbl                             0x200013a8   Data         128  os_core.o(.bss)
    OSTCBTbl                                 0x20001428   Data        2024  os_core.o(.bss)
    zigbeeRxBuf                              0x20001c10   Data         106  zigbee.o(.bss)
    zigbeeTxBuf                              0x20001c7a   Data         106  zigbee.o(.bss)
    comRxBuf                                 0x20001ce4   Data         103  com.o(.bss)
    comTxBuf                                 0x20001d4b   Data         103  com.o(.bss)
    ProtocolBuf                              0x20001db4   Data          60  protocol.o(.bss)
    mem1base                                 0x20001df0   Data       10240  malloc.o(.bss)
    mem1mapbase                              0x200045f0   Data         640  malloc.o(.bss)
    __initial_sp                             0x20004a70   Data           0  startup_stm32f10x_md.o(STACK)
    mem2base                                 0x68000000   Data          32  malloc.o(.ARM.__AT_0x68000000)
    mem2mapbase                              0x68000020   Data           2  malloc.o(.ARM.__AT_0x68000020)



==============================================================================

Memory Map of the image

  Image Entry point : 0x080000ed

  Load Region LR_IROM1 (Base: 0x08000000, Size: 0x00003af4, Max: 0x00020000, ABSOLUTE)

    Execution Region ER_IROM1 (Base: 0x08000000, Size: 0x00003a18, Max: 0x00020000, ABSOLUTE)

    Base Addr    Size         Type   Attr      Idx    E Section Name        Object

    0x08000000   0x000000ec   Data   RO          680    RESET               startup_stm32f10x_md.o
    0x080000ec   0x00000000   Code   RO         4409  * .ARM.Collect$$$$00000000  mc_w.l(entry.o)(mc_w.l)
    0x080000ec   0x00000004   Code   RO         4683    .ARM.Collect$$$$00000001  mc_w.l(entry2.o)(mc_w.l)
    0x080000f0   0x00000004   Code   RO         4686    .ARM.Collect$$$$00000004  mc_w.l(entry5.o)(mc_w.l)
    0x080000f4   0x00000008   Code   RO         4687    .ARM.Collect$$$$00000007  mc_w.l(entry7.o)(mc_w.l)
    0x080000fc   0x00000004   Code   RO         4684    .ARM.Collect$$$$00002712  mc_w.l(entry2.o)(mc_w.l)
    0x08000100   0x0000001c   Code   RO          681    .text               startup_stm32f10x_md.o
    0x0800011c   0x000000a4   Code   RO         2814    .text               os_cpu_a.o
    0x080001c0   0x00000024   Code   RO         4412    .text               mc_w.l(memcpya.o)(mc_w.l)
    0x080001e4   0x00000026   Code   RO         4414    .text               mc_w.l(memseta.o)(mc_w.l)
    0x0800020a   0x0000001a   Code   RO         4418    .text               mc_w.l(memcmp.o)(mc_w.l)
    0x08000224   0x0000002c   Code   RO         4689    .text               mc_w.l(uidiv.o)(mc_w.l)
    0x08000250   0x00000024   Code   RO         4704    .text               mc_w.l(init.o)(mc_w.l)
    0x08000274   0x0000003c   Code   RO         3620    i.BoardPowerOff     bsp.o
    0x080002b0   0x00000094   Code   RO         3621    i.BoardPowerOn      bsp.o
    0x08000344   0x00000128   Code   RO         3622    i.BspInit           bsp.o
    0x0800046c   0x0000000e   Code   RO         1901    i.CAN_FIFORelease   stm32f10x_can.o
    0x0800047a   0x00000002   PAD
    0x0800047c   0x00000118   Code   RO         1902    i.CAN_FilterInit    stm32f10x_can.o
    0x08000594   0x00000012   Code   RO         1905    i.CAN_ITConfig      stm32f10x_can.o
    0x080005a6   0x0000011c   Code   RO         1906    i.CAN_Init          stm32f10x_can.o
    0x080006c2   0x00000002   PAD
    0x080006c4   0x000000f8   Code   RO         3789    i.CAN_Mode_Init     can.o
    0x080007bc   0x000000ea   Code   RO         1908    i.CAN_Receive       stm32f10x_can.o
    0x080008a6   0x00000002   PAD
    0x080008a8   0x00000194   Code   RO         3142    i.ComRxTask         com.o
    0x08000a3c   0x00000030   Code   RO         3464    i.DebounceKey       key.o
    0x08000a6c   0x00000024   Code   RO          360    i.EXTI0_IRQHandler  stm32f10x_it.o
    0x08000a90   0x00000024   Code   RO          361    i.EXTI15_10_IRQHandler  stm32f10x_it.o
    0x08000ab4   0x00000024   Code   RO          362    i.EXTI1_IRQHandler  stm32f10x_it.o
    0x08000ad8   0x00000024   Code   RO          363    i.EXTI2_IRQHandler  stm32f10x_it.o
    0x08000afc   0x00000024   Code   RO          364    i.EXTI3_IRQHandler  stm32f10x_it.o
    0x08000b20   0x00000024   Code   RO          365    i.EXTI4_IRQHandler  stm32f10x_it.o
    0x08000b44   0x00000030   Code   RO          366    i.EXTI9_5_IRQHandler  stm32f10x_it.o
    0x08000b74   0x0000000c   Code   RO          791    i.EXTI_ClearITPendingBit  stm32f10x_exti.o
    0x08000b80   0x0000002c   Code   RO          795    i.EXTI_GetITStatus  stm32f10x_exti.o
    0x08000bac   0x00000024   Code   RO          367    i.FLASH_IRQHandler  stm32f10x_it.o
    0x08000bd0   0x00000112   Code   RO          849    i.GPIO_Init         stm32f10x_gpio.o
    0x08000ce2   0x00000004   Code   RO          856    i.GPIO_ResetBits    stm32f10x_gpio.o
    0x08000ce6   0x00000004   Code   RO          857    i.GPIO_SetBits      stm32f10x_gpio.o
    0x08000cea   0x00000038   Code   RO         3945    i.Get_Crc8          crc8_16.o
    0x08000d22   0x00000002   PAD
    0x08000d24   0x00000024   Code   RO          369    i.I2C1_ER_IRQHandler  stm32f10x_it.o
    0x08000d48   0x00000024   Code   RO          370    i.I2C1_EV_IRQHandler  stm32f10x_it.o
    0x08000d6c   0x00000024   Code   RO          371    i.I2C2_ER_IRQHandler  stm32f10x_it.o
    0x08000d90   0x00000024   Code   RO          372    i.I2C2_EV_IRQHandler  stm32f10x_it.o
    0x08000db4   0x00000074   Code   RO         3307    i.LedsTick          leds.o
    0x08000e28   0x00000098   Code   RO         3308    i.Leds_Init         leds.o
    0x08000ec0   0x00000044   Code   RO          162    i.NVIC_Configuration  nvic.o
    0x08000f04   0x00000084   Code   RO          696    i.NVIC_Init         misc.o
    0x08000f88   0x00000014   Code   RO          697    i.NVIC_PriorityGroupConfig  misc.o
    0x08000f9c   0x00000028   Code   RO         2018    i.OSInit            os_core.o
    0x08000fc4   0x00000002   Code   RO         2238    i.OSInitHookBegin   os_cpu_c.o
    0x08000fc6   0x00000002   Code   RO         2239    i.OSInitHookEnd     os_cpu_c.o
    0x08000fc8   0x00000090   Code   RO         2020    i.OSIntExit         os_core.o
    0x08001058   0x00000058   Code   RO         2528    i.OSMboxCreate      os_mbox.o
    0x080010b0   0x0000010c   Code   RO         2530    i.OSMboxPend        os_mbox.o
    0x080011bc   0x00000050   Code   RO         2532    i.OSMboxPost        os_mbox.o
    0x0800120c   0x0000009c   Code   RO         2588    i.OSMutexCreate     os_mutex.o
    0x080012a8   0x00000048   Code   RO         2023    i.OSStart           os_core.o
    0x080012f0   0x0000004c   Code   RO         2024    i.OSStatInit        os_core.o
    0x0800133c   0x00000002   Code   RO         2240    i.OSTCBInitHook     os_cpu_c.o
    0x0800133e   0x00000002   PAD
    0x08001340   0x000000a0   Code   RO         2695    i.OSTaskCreate      os_task.o
    0x080013e0   0x000000b8   Code   RO         2696    i.OSTaskCreateExt   os_task.o
    0x08001498   0x00000002   Code   RO         2241    i.OSTaskCreateHook  os_cpu_c.o
    0x0800149a   0x00000002   Code   RO         2243    i.OSTaskIdleHook    os_cpu_c.o
    0x0800149c   0x00000090   Code   RO         2700    i.OSTaskNameSet     os_task.o
    0x0800152c   0x00000002   Code   RO         2244    i.OSTaskStatHook    os_cpu_c.o
    0x0800152e   0x00000002   PAD
    0x08001530   0x0000008c   Code   RO         2703    i.OSTaskStkChk      os_task.o
    0x080015bc   0x0000009a   Code   RO         2245    i.OSTaskStkInit     os_cpu_c.o
    0x08001656   0x00000002   PAD
    0x08001658   0x000000a8   Code   RO         2704    i.OSTaskSuspend     os_task.o
    0x08001700   0x00000002   Code   RO         2246    i.OSTaskSwHook      os_cpu_c.o
    0x08001702   0x00000002   PAD
    0x08001704   0x00000070   Code   RO         2772    i.OSTimeDly         os_time.o
    0x08001774   0x00000070   Code   RO         2773    i.OSTimeDlyHMSM     os_time.o
    0x080017e4   0x000000f4   Code   RO         2025    i.OSTimeTick        os_core.o
    0x080018d8   0x00000008   Code   RO         2247    i.OSTimeTickHook    os_cpu_c.o
    0x080018e0   0x00000064   Code   RO         2248    i.OS_CPU_SysTickInit  os_cpu_c.o
    0x08001944   0x00000094   Code   RO         2028    i.OS_EventTaskRdy   os_core.o
    0x080019d8   0x0000002a   Code   RO         2029    i.OS_EventTaskRemove  os_core.o
    0x08001a02   0x0000003c   Code   RO         2030    i.OS_EventTaskRemoveMulti  os_core.o
    0x08001a3e   0x00000002   PAD
    0x08001a40   0x0000007c   Code   RO         2031    i.OS_EventTaskWait  os_core.o
    0x08001abc   0x0000001c   Code   RO         2033    i.OS_EventWaitListInit  os_core.o
    0x08001ad8   0x0000004c   Code   RO         2455    i.OS_FlagInit       os_flag.o
    0x08001b24   0x00000050   Code   RO         2034    i.OS_InitEventList  os_core.o
    0x08001b74   0x00000054   Code   RO         2035    i.OS_InitMisc       os_core.o
    0x08001bc8   0x00000048   Code   RO         2036    i.OS_InitRdyList    os_core.o
    0x08001c10   0x00000068   Code   RO         2037    i.OS_InitTCBList    os_core.o
    0x08001c78   0x00000050   Code   RO         2038    i.OS_InitTaskIdle   os_core.o
    0x08001cc8   0x00000050   Code   RO         2039    i.OS_InitTaskStat   os_core.o
    0x08001d18   0x00000012   Code   RO         2040    i.OS_MemClr         os_core.o
    0x08001d2a   0x00000002   PAD
    0x08001d2c   0x00000074   Code   RO         2042    i.OS_Sched          os_core.o
    0x08001da0   0x0000002c   Code   RO         2043    i.OS_SchedNew       os_core.o
    0x08001dcc   0x0000001c   Code   RO         2044    i.OS_StrCopy        os_core.o
    0x08001de8   0x00000014   Code   RO         2045    i.OS_StrLen         os_core.o
    0x08001dfc   0x00000134   Code   RO         2046    i.OS_TCBInit        os_core.o
    0x08001f30   0x00000024   Code   RO         2047    i.OS_TaskIdle       os_core.o
    0x08001f54   0x00000088   Code   RO         2048    i.OS_TaskStat       os_core.o
    0x08001fdc   0x0000003c   Code   RO         2049    i.OS_TaskStatStkChk  os_core.o
    0x08002018   0x0000001a   Code   RO         2705    i.OS_TaskStkClr     os_task.o
    0x08002032   0x00000002   PAD
    0x08002034   0x00000024   Code   RO          375    i.PVD_IRQHandler    stm32f10x_it.o
    0x08002058   0x00000018   Code   RO         3467    i.PollingKey        key.o
    0x08002070   0x00000070   Code   RO         3623    i.PowerTask         bsp.o
    0x080020e0   0x00000020   Code   RO          954    i.RCC_APB1PeriphClockCmd  stm32f10x_rcc.o
    0x08002100   0x00000020   Code   RO          956    i.RCC_APB2PeriphClockCmd  stm32f10x_rcc.o
    0x08002120   0x00000012   Code   RO          326    i.RCC_Configuration  rcc.o
    0x08002132   0x00000002   PAD
    0x08002134   0x000000dc   Code   RO          964    i.RCC_GetClocksFreq  stm32f10x_rcc.o
    0x08002210   0x00000024   Code   RO          376    i.RCC_IRQHandler    stm32f10x_it.o
    0x08002234   0x00000024   Code   RO          377    i.RTCAlarm_IRQHandler  stm32f10x_it.o
    0x08002258   0x00000024   Code   RO          378    i.RTC_IRQHandler    stm32f10x_it.o
    0x0800227c   0x00000024   Code   RO          379    i.SPI1_IRQHandler   stm32f10x_it.o
    0x080022a0   0x00000024   Code   RO          380    i.SPI2_IRQHandler   stm32f10x_it.o
    0x080022c4   0x00000008   Code   RO         1320    i.SetSysClock       system_stm32f10x.o
    0x080022cc   0x000000d0   Code   RO         1321    i.SetSysClockTo72   system_stm32f10x.o
    0x0800239c   0x000000a0   Code   RO            1    i.StartTask         main.o
    0x0800243c   0x00000034   Code   RO          382    i.SysTick_Handler   stm32f10x_it.o
    0x08002470   0x0000003a   Code   RO          327    i.SystemDemo_Init   rcc.o
    0x080024aa   0x00000002   PAD
    0x080024ac   0x00000050   Code   RO         1322    i.SystemInit        system_stm32f10x.o
    0x080024fc   0x00000024   Code   RO          383    i.TAMPER_IRQHandler  stm32f10x_it.o
    0x08002520   0x00000024   Code   RO          384    i.TIM1_BRK_IRQHandler  stm32f10x_it.o
    0x08002544   0x00000024   Code   RO          385    i.TIM1_CC_IRQHandler  stm32f10x_it.o
    0x08002568   0x00000024   Code   RO          386    i.TIM1_TRG_COM_IRQHandler  stm32f10x_it.o
    0x0800258c   0x00000024   Code   RO          387    i.TIM1_UP_IRQHandler  stm32f10x_it.o
    0x080025b0   0x00000024   Code   RO          388    i.TIM2_IRQHandler   stm32f10x_it.o
    0x080025d4   0x00000038   Code   RO          389    i.TIM3_IRQHandler   stm32f10x_it.o
    0x0800260c   0x00000024   Code   RO          390    i.TIM4_IRQHandler   stm32f10x_it.o
    0x08002630   0x00000006   Code   RO         1359    i.TIM_ClearITPendingBit  stm32f10x_tim.o
    0x08002636   0x00000022   Code   RO         1385    i.TIM_GetITStatus   stm32f10x_tim.o
    0x08002658   0x00000058   Code   RO         3309    i.UILEDBlink        leds.o
    0x080026b0   0x00000060   Code   RO          393    i.USART1_IRQHandler  stm32f10x_it.o
    0x08002710   0x00000024   Code   RO          394    i.USART2_IRQHandler  stm32f10x_it.o
    0x08002734   0x00000060   Code   RO          395    i.USART3_IRQHandler  stm32f10x_it.o
    0x08002794   0x00000006   Code   RO         1152    i.USART_ClearFlag   stm32f10x_usart.o
    0x0800279a   0x00000022   Code   RO         1154    i.USART_ClockInit   stm32f10x_usart.o
    0x080027bc   0x00000018   Code   RO         1156    i.USART_Cmd         stm32f10x_usart.o
    0x080027d4   0x00000012   Code   RO         1159    i.USART_GetFlagStatus  stm32f10x_usart.o
    0x080027e6   0x0000004c   Code   RO         1160    i.USART_GetITStatus  stm32f10x_usart.o
    0x08002832   0x00000040   Code   RO         1162    i.USART_ITConfig    stm32f10x_usart.o
    0x08002872   0x00000002   PAD
    0x08002874   0x0000009c   Code   RO         1163    i.USART_Init        stm32f10x_usart.o
    0x08002910   0x0000000a   Code   RO         1168    i.USART_ReceiveData  stm32f10x_usart.o
    0x0800291a   0x00000008   Code   RO         1171    i.USART_SendData    stm32f10x_usart.o
    0x08002922   0x00000002   PAD
    0x08002924   0x00000024   Code   RO          396    i.USBWakeUp_IRQHandler  stm32f10x_it.o
    0x08002948   0x00000040   Code   RO         3792    i.USB_LP_CAN1_RX0_IRQHandler  can.o
    0x08002988   0x0000000a   Code   RO          242    i.UcharToUint       publicfuc.o
    0x08002992   0x00000002   PAD
    0x08002994   0x00000024   Code   RO          400    i.WWDG_IRQHandler   stm32f10x_it.o
    0x080029b8   0x00000030   Code   RO         3624    i.ZigbeePowerOff    bsp.o
    0x080029e8   0x00000028   Code   RO         3625    i.ZigbeePowerOn     bsp.o
    0x08002a10   0x0000018c   Code   RO         2978    i.ZigbeeRxTask      zigbee.o
    0x08002b9c   0x00000020   Code   RO         4467    i.__0printf$1       mc_w.l(printf1.o)(mc_w.l)
    0x08002bbc   0x0000000e   Code   RO         4716    i.__scatterload_copy  mc_w.l(handlers.o)(mc_w.l)
    0x08002bca   0x00000002   Code   RO         4717    i.__scatterload_null  mc_w.l(handlers.o)(mc_w.l)
    0x08002bcc   0x0000000e   Code   RO         4718    i.__scatterload_zeroinit  mc_w.l(handlers.o)(mc_w.l)
    0x08002bda   0x00000002   PAD
    0x08002bdc   0x00000154   Code   RO         4474    i._printf_core      mc_w.l(printf1.o)(mc_w.l)
    0x08002d30   0x0000000c   Code   RO         2817    i.clock_time        timer.o
    0x08002d3c   0x000000dc   Code   RO         3143    i.com_init          com.o
    0x08002e18   0x00000044   Code   RO         3144    i.com_rx_irq        com.o
    0x08002e5c   0x00000078   Code   RO         3145    i.com_send_data     com.o
    0x08002ed4   0x00000058   Code   RO         3146    i.com_tx_irq        com.o
    0x08002f2c   0x00000024   Code   RO          243    i.fputc             publicfuc.o
    0x08002f50   0x00000028   Code   RO            2    i.main              main.o
    0x08002f78   0x0000006c   Code   RO         4218    i.mem_free          malloc.o
    0x08002fe4   0x00000044   Code   RO         4219    i.mem_init          malloc.o
    0x08003028   0x000000b0   Code   RO         4220    i.mem_malloc        malloc.o
    0x080030d8   0x00000040   Code   RO         4221    i.mem_perused       malloc.o
    0x08003118   0x00000034   Code   RO         4222    i.myfree            malloc.o
    0x0800314c   0x00000034   Code   RO         4223    i.mymalloc          malloc.o
    0x08003180   0x00000014   Code   RO         4225    i.mymemset          malloc.o
    0x08003194   0x00000044   Code   RO         4184    i.protocol_find     protocol.o
    0x080031d8   0x0000001c   Code   RO         4185    i.protocol_init     protocol.o
    0x080031f4   0x00000030   Code   RO         4186    i.protocol_register  protocol.o
    0x08003224   0x0000002c   Code   RO         4141    i.syf_pro_check_data  syf_pro.o
    0x08003250   0x0000008c   Code   RO         4142    i.syf_pro_get_packet  syf_pro.o
    0x080032dc   0x00000084   Code   RO         4143    i.syf_pro_parse_packet  syf_pro.o
    0x08003360   0x00000044   Code   RO         4144    i.syf_pro_register  syf_pro.o
    0x080033a4   0x000000ec   Code   RO         4145    i.syf_pro_send_packet  syf_pro.o
    0x08003490   0x0000001a   Code   RO         2818    i.timer_expired     timer.o
    0x080034aa   0x0000000a   Code   RO         2819    i.timer_reset       timer.o
    0x080034b4   0x0000000c   Code   RO         2820    i.timer_restart     timer.o
    0x080034c0   0x0000000e   Code   RO         2821    i.timer_set         timer.o
    0x080034ce   0x00000002   PAD
    0x080034d0   0x000000e0   Code   RO         2979    i.zigbee_init       zigbee.o
    0x080035b0   0x00000044   Code   RO         2980    i.zigbee_rx_irq     zigbee.o
    0x080035f4   0x00000078   Code   RO         2981    i.zigbee_send_data  zigbee.o
    0x0800366c   0x00000058   Code   RO         2982    i.zigbee_tx_irq     zigbee.o
    0x080036c4   0x0000002e   Code   RO         3979    i.zjy_pro_check_data  zjy_pro.o
    0x080036f2   0x00000064   Code   RO         3980    i.zjy_pro_get_packet  zjy_pro.o
    0x08003756   0x00000002   PAD
    0x08003758   0x00000088   Code   RO         3981    i.zjy_pro_parse_packet  zjy_pro.o
    0x080037e0   0x00000040   Code   RO         3982    i.zjy_pro_register  zjy_pro.o
    0x08003820   0x000000a4   Code   RO         3983    i.zjy_pro_send_packet  zjy_pro.o
    0x080038c4   0x00000014   Data   RO         1323    .constdata          system_stm32f10x.o
    0x080038d8   0x00000100   Data   RO         2051    .constdata          os_core.o
    0x080039d8   0x00000008   Data   RO         3310    .constdata          leds.o
    0x080039e0   0x00000018   Data   RO         4230    .constdata          malloc.o
    0x080039f8   0x00000020   Data   RO         4714    Region$$Table       anon$$obj.o


    Execution Region RW_IRAM1 (Base: 0x20000000, Size: 0x00004a70, Max: 0x00005000, ABSOLUTE)

    Base Addr    Size         Type   Attr      Idx    E Section Name        Object

    0x20000000   0x0000000c   Data   RW            4    .data               main.o
    0x2000000c   0x00000004   Data   RW          401    .data               stm32f10x_it.o
    0x20000010   0x00000014   Data   RW          984    .data               stm32f10x_rcc.o
    0x20000024   0x00000040   Data   RW         2052    .data               os_core.o
    0x20000064   0x00000010   Data   RW         2984    .data               zigbee.o
    0x20000074   0x00000010   Data   RW         3148    .data               com.o
    0x20000084   0x00000024   Data   RW         3311    .data               leds.o
    0x200000a8   0x00000001   Data   RW         3468    .data               key.o
    0x200000a9   0x00000003   PAD
    0x200000ac   0x0000000c   Data   RW         3626    .data               bsp.o
    0x200000b8   0x00000001   Data   RW         3984    .data               zjy_pro.o
    0x200000b9   0x00000001   Data   RW         4146    .data               syf_pro.o
    0x200000ba   0x00000001   Data   RW         4188    .data               protocol.o
    0x200000bb   0x00000001   PAD
    0x200000bc   0x0000001c   Data   RW         4231    .data               malloc.o
    0x200000d8   0x00000004   Data   RW         4688    .data               mc_w.l(stdout.o)(mc_w.l)
    0x200000dc   0x00000d00   Zero   RW            3    .bss                main.o
    0x20000ddc   0x00000e34   Zero   RW         2050    .bss                os_core.o
    0x20001c10   0x000000d4   Zero   RW         2983    .bss                zigbee.o
    0x20001ce4   0x000000ce   Zero   RW         3147    .bss                com.o
    0x20001db2   0x00000002   PAD
    0x20001db4   0x0000003c   Zero   RW         4187    .bss                protocol.o
    0x20001df0   0x00002a80   Zero   RW         4229    .bss                malloc.o
    0x20004870   0x00000200   Zero   RW          678    STACK               startup_stm32f10x_md.o



  Load Region LR$$.ARM.__AT_0x68000000 (Base: 0x68000000, Size: 0x00000000, Max: 0x00000020, ABSOLUTE)

    Execution Region ER$$.ARM.__AT_0x68000000 (Base: 0x68000000, Size: 0x00000020, Max: 0x00000020, ABSOLUTE, UNINIT)

    Base Addr    Size         Type   Attr      Idx    E Section Name        Object

    0x68000000   0x00000020   Zero   RW         4227    .ARM.__AT_0x68000000  malloc.o



  Load Region LR$$.ARM.__AT_0x68000020 (Base: 0x68000020, Size: 0x00000000, Max: 0x00000004, ABSOLUTE)

    Execution Region ER$$.ARM.__AT_0x68000020 (Base: 0x68000020, Size: 0x00000004, Max: 0x00000004, ABSOLUTE, UNINIT)

    Base Addr    Size         Type   Attr      Idx    E Section Name        Object

    0x68000020   0x00000002   Zero   RW         4228    .ARM.__AT_0x68000020  malloc.o


==============================================================================

Image component sizes


      Code (inc. data)   RO Data    RW Data    ZI Data      Debug   Object Name

       704         90          0         12          0          0   bsp.o
       312         28          0          0          0          0   can.o
       900         64          0         16        206          0   com.o
        56          0          0          0          0          0   crc8_16.o
        72         12          0          1          0          0   key.o
       356         42          8         36          0          0   leds.o
       200         48          0         12       3328          0   main.o
       540         58         24         28      10914          0   malloc.o
       152         24          0          0          0          0   misc.o
        68          0          0          0          0          0   nvic.o
      2244        374        256         64       3636          0   os_core.o
       164         32          0          0          0          0   os_cpu_a.o
       276         12          0          0          0          0   os_cpu_c.o
         0          0          0          0          0          0   os_dbg.o
        76          8          0          0          0          0   os_flag.o
       436         22          0          0          0          0   os_mbox.o
       156         12          0          0          0          0   os_mutex.o
       822         60          0          0          0          0   os_task.o
       224         20          0          0          0          0   os_time.o
       144         28          0          1         60          0   protocol.o
        46          4          0          0          0          0   publicfuc.o
        76          0          0          0          0          0   rcc.o
        28          4        236          0        512          0   startup_stm32f10x_md.o
       830         30          0          0          0          0   stm32f10x_can.o
        56         16          0          0          0          0   stm32f10x_exti.o
       282          0          0          0          0          0   stm32f10x_gpio.o
      1320        198          0          4          0          0   stm32f10x_it.o
       284         40          0         20          0          0   stm32f10x_rcc.o
        40          0          0          0          0          0   stm32f10x_tim.o
       396          6          0          0          0          0   stm32f10x_usart.o
       620         24          0          1          0          0   syf_pro.o
       296         22         20          0          0          0   system_stm32f10x.o
        74          6          0          0          0          0   timer.o
       896         62          0         16        212          0   zigbee.o
       510         22          0          1          0          0   zjy_pro.o

    ----------------------------------------------------------------------
     13692       1368        576        216      18872          0   Object Totals
         0          0         32          0          0          0   (incl. Generated)
        36          0          0          4          4          2   (incl. Padding)

    ----------------------------------------------------------------------

      Code (inc. data)   RO Data    RW Data    ZI Data      Debug   Library Member Name

         0          0          0          0          0          0   entry.o
         8          4          0          0          0          0   entry2.o
         4          0          0          0          0          0   entry5.o
         8          4          0          0          0          0   entry7.o
        30          0          0          0          0          0   handlers.o
        36          8          0          0          0          0   init.o
        26          0          0          0          0          0   memcmp.o
        36          0          0          0          0          0   memcpya.o
        38          0          0          0          0          0   memseta.o
       372         16          0          0          0          0   printf1.o
         0          0          0          4          0          0   stdout.o
        44          0          0          0          0          0   uidiv.o

    ----------------------------------------------------------------------
       604         32          0          4          0          0   Library Totals
         2          0          0          0          0          0   (incl. Padding)

    ----------------------------------------------------------------------

      Code (inc. data)   RO Data    RW Data    ZI Data      Debug   Library Name

       602         32          0          4          0        584   mc_w.l

    ----------------------------------------------------------------------
       604         32          0          4          0          0   Library Totals

    ----------------------------------------------------------------------

==============================================================================


      Code (inc. data)   RO Data    RW Data    ZI Data      Debug   

     14296       1400        576        220      18872    2860100   Grand Totals
     14296       1400        576        220      18872    2860100   ELF Image Totals
     14296       1400        576        220          0          0   ROM Totals

==============================================================================

    Total RO  Size (Code + RO Data)                14872 (  14.52kB)
    Total RW  Size (RW Data + ZI Data)             19092 (  18.64kB)
    Total ROM Size (Code + RO Data + RW Data)      15092 (  14.74kB)

==============================================================================

